Archive member included to satisfy reference by file (symbol)

/opt/st/stm32cubeide_1.18.1/plugins/com.st.stm32cube.ide.mcu.externaltools.gnu-tools-for-stm32.13.3.rel1.linux64_1.0.0.202410170706/tools/bin/../lib/gcc/arm-none-eabi/13.3.1/../../../../arm-none-eabi/lib/thumb/v7-m/nofp/libstdc++_nano.a(del_opv.o)
                              ./Core/Src/ringbuffer.o (operator delete[](void*))
/opt/st/stm32cubeide_1.18.1/plugins/com.st.stm32cube.ide.mcu.externaltools.gnu-tools-for-stm32.13.3.rel1.linux64_1.0.0.202410170706/tools/bin/../lib/gcc/arm-none-eabi/13.3.1/../../../../arm-none-eabi/lib/thumb/v7-m/nofp/libstdc++_nano.a(new_handler.o)
                              ./Core/Src/ringbuffer.o (std::nothrow)
/opt/st/stm32cubeide_1.18.1/plugins/com.st.stm32cube.ide.mcu.externaltools.gnu-tools-for-stm32.13.3.rel1.linux64_1.0.0.202410170706/tools/bin/../lib/gcc/arm-none-eabi/13.3.1/../../../../arm-none-eabi/lib/thumb/v7-m/nofp/libstdc++_nano.a(new_opvnt.o)
                              ./Core/Src/ringbuffer.o (operator new[](unsigned int, std::nothrow_t const&))
/opt/st/stm32cubeide_1.18.1/plugins/com.st.stm32cube.ide.mcu.externaltools.gnu-tools-for-stm32.13.3.rel1.linux64_1.0.0.202410170706/tools/bin/../lib/gcc/arm-none-eabi/13.3.1/../../../../arm-none-eabi/lib/thumb/v7-m/nofp/libstdc++_nano.a(del_op.o)
                              /opt/st/stm32cubeide_1.18.1/plugins/com.st.stm32cube.ide.mcu.externaltools.gnu-tools-for-stm32.13.3.rel1.linux64_1.0.0.202410170706/tools/bin/../lib/gcc/arm-none-eabi/13.3.1/../../../../arm-none-eabi/lib/thumb/v7-m/nofp/libstdc++_nano.a(del_opv.o) (operator delete(void*))
/opt/st/stm32cubeide_1.18.1/plugins/com.st.stm32cube.ide.mcu.externaltools.gnu-tools-for-stm32.13.3.rel1.linux64_1.0.0.202410170706/tools/bin/../lib/gcc/arm-none-eabi/13.3.1/../../../../arm-none-eabi/lib/thumb/v7-m/nofp/libstdc++_nano.a(new_opv.o)
                              /opt/st/stm32cubeide_1.18.1/plugins/com.st.stm32cube.ide.mcu.externaltools.gnu-tools-for-stm32.13.3.rel1.linux64_1.0.0.202410170706/tools/bin/../lib/gcc/arm-none-eabi/13.3.1/../../../../arm-none-eabi/lib/thumb/v7-m/nofp/libstdc++_nano.a(new_opvnt.o) (operator new[](unsigned int))
/opt/st/stm32cubeide_1.18.1/plugins/com.st.stm32cube.ide.mcu.externaltools.gnu-tools-for-stm32.13.3.rel1.linux64_1.0.0.202410170706/tools/bin/../lib/gcc/arm-none-eabi/13.3.1/../../../../arm-none-eabi/lib/thumb/v7-m/nofp/libstdc++_nano.a(new_op.o)
                              /opt/st/stm32cubeide_1.18.1/plugins/com.st.stm32cube.ide.mcu.externaltools.gnu-tools-for-stm32.13.3.rel1.linux64_1.0.0.202410170706/tools/bin/../lib/gcc/arm-none-eabi/13.3.1/../../../../arm-none-eabi/lib/thumb/v7-m/nofp/libstdc++_nano.a(new_opv.o) (operator new(unsigned int))
/opt/st/stm32cubeide_1.18.1/plugins/com.st.stm32cube.ide.mcu.externaltools.gnu-tools-for-stm32.13.3.rel1.linux64_1.0.0.202410170706/tools/bin/../lib/gcc/arm-none-eabi/13.3.1/../../../../arm-none-eabi/lib/thumb/v7-m/nofp/libc_nano.a(libc_a-abort.o)
                              /opt/st/stm32cubeide_1.18.1/plugins/com.st.stm32cube.ide.mcu.externaltools.gnu-tools-for-stm32.13.3.rel1.linux64_1.0.0.202410170706/tools/bin/../lib/gcc/arm-none-eabi/13.3.1/../../../../arm-none-eabi/lib/thumb/v7-m/nofp/libstdc++_nano.a(new_op.o) (abort)
/opt/st/stm32cubeide_1.18.1/plugins/com.st.stm32cube.ide.mcu.externaltools.gnu-tools-for-stm32.13.3.rel1.linux64_1.0.0.202410170706/tools/bin/../lib/gcc/arm-none-eabi/13.3.1/../../../../arm-none-eabi/lib/thumb/v7-m/nofp/libc_nano.a(libc_a-exit.o)
                              /opt/st/stm32cubeide_1.18.1/plugins/com.st.stm32cube.ide.mcu.externaltools.gnu-tools-for-stm32.13.3.rel1.linux64_1.0.0.202410170706/tools/bin/../lib/gcc/arm-none-eabi/13.3.1/../../../../arm-none-eabi/lib/thumb/v7-m/nofp/crt0.o (exit)
/opt/st/stm32cubeide_1.18.1/plugins/com.st.stm32cube.ide.mcu.externaltools.gnu-tools-for-stm32.13.3.rel1.linux64_1.0.0.202410170706/tools/bin/../lib/gcc/arm-none-eabi/13.3.1/../../../../arm-none-eabi/lib/thumb/v7-m/nofp/libc_nano.a(libc_a-malloc.o)
                              /opt/st/stm32cubeide_1.18.1/plugins/com.st.stm32cube.ide.mcu.externaltools.gnu-tools-for-stm32.13.3.rel1.linux64_1.0.0.202410170706/tools/bin/../lib/gcc/arm-none-eabi/13.3.1/../../../../arm-none-eabi/lib/thumb/v7-m/nofp/libstdc++_nano.a(new_op.o) (malloc)
/opt/st/stm32cubeide_1.18.1/plugins/com.st.stm32cube.ide.mcu.externaltools.gnu-tools-for-stm32.13.3.rel1.linux64_1.0.0.202410170706/tools/bin/../lib/gcc/arm-none-eabi/13.3.1/../../../../arm-none-eabi/lib/thumb/v7-m/nofp/libc_nano.a(libc_a-mallocr.o)
                              /opt/st/stm32cubeide_1.18.1/plugins/com.st.stm32cube.ide.mcu.externaltools.gnu-tools-for-stm32.13.3.rel1.linux64_1.0.0.202410170706/tools/bin/../lib/gcc/arm-none-eabi/13.3.1/../../../../arm-none-eabi/lib/thumb/v7-m/nofp/libc_nano.a(libc_a-malloc.o) (_malloc_r)
[...]
Memory Configuration

Name             Origin             Length             Attributes
RAM              0x20000000         0x0000c000         xrw
FLASH            0x08000000         0x00040000         xr
*default*        0x00000000         0xffffffff

Linker script and memory map

LOAD /opt/st/stm32cubeide_1.18.1/plugins/com.st.stm32cube.ide.mcu.externaltools.gnu-tools-for-stm32.13.3.rel1.linux64_1.0.0.202410170706/tools/bin/../lib/gcc/arm-none-eabi/13.3.1/thumb/v7-m/nofp/crti.o
LOAD /opt/st/stm32cubeide_1.18.1/plugins/com.st.stm32cube.ide.mcu.externaltools.gnu-tools-for-stm32.13.3.rel1.linux64_1.0.0.202410170706/tools/bin/../lib/gcc/arm-none-eabi/13.3.1/thumb/v7-m/nofp/crtbegin.o
LOAD /opt/st/stm32cubeide_1.18.1/plugins/com.st.stm32cube.ide.mcu.externaltools.gnu-tools-for-stm32.13.3.rel1.linux64_1.0.0.202410170706/tools/bin/../lib/gcc/arm-none-eabi/13.3.1/../../../../arm-none-eabi/lib/thumb/v7-m/nofp/crt0.o
LOAD ./Core/Src/RfMode.o
LOAD ./Core/Src/crc16.o
LOAD ./Core/Src/main.o
LOAD ./Core/Src/mainProc.o
LOAD ./Core/Src/nRF24L01.o
LOAD ./Core/Src/ringbuffer.o
LOAD ./Core/Src/stm32f1xx_hal_msp.o
LOAD ./Core/Src/stm32f1xx_hal_timebase_tim.o
LOAD ./Core/Src/stm32f1xx_it.o
LOAD ./Core/Src/syscalls.o
LOAD ./Core/Src/sysmem.o
LOAD ./Core/Src/system_stm32f1xx.o
LOAD ./Core/Src/usart.o
LOAD ./Core/Startup/startup_stm32f103rctx.o
LOAD ./Drivers/STM32F1xx_HAL_Driver/Src/stm32f1xx_hal.o
LOAD ./Drivers/STM32F1xx_HAL_Driver/Src/stm32f1xx_hal_cortex.o
LOAD ./Drivers/STM32F1xx_HAL_Driver/Src/stm32f1xx_hal_dma.o
LOAD ./Drivers/STM32F1xx_HAL_Driver/Src/stm32f1xx_hal_exti.o
LOAD ./Drivers/STM32F1xx_HAL_Driver/Src/stm32f1xx_hal_flash.o
LOAD ./Drivers/STM32F1xx_HAL_Driver/Src/stm32f1xx_hal_flash_ex.o
LOAD ./Drivers/STM32F1xx_HAL_Driver/Src/stm32f1xx_hal_gpio.o
LOAD ./Drivers/STM32F1xx_HAL_Driver/Src/stm32f1xx_hal_gpio_ex.o
LOAD ./Drivers/STM32F1xx_HAL_Driver/Src/stm32f1xx_hal_pwr.o
LOAD ./Drivers/STM32F1xx_HAL_Driver/Src/stm32f1xx_hal_rcc.o
LOAD ./Drivers/STM32F1xx_HAL_Driver/Src/stm32f1xx_hal_rcc_ex.o
LOAD ./Drivers/STM32F1xx_HAL_Driver/Src/stm32f1xx_hal_spi.o
LOAD ./Drivers/STM32F1xx_HAL_Driver/Src/stm32f1xx_hal_tim.o
LOAD ./Drivers/STM32F1xx_HAL_Driver/Src/stm32f1xx_hal_tim_ex.o
LOAD ./Drivers/STM32F1xx_HAL_Driver/Src/stm32f1xx_hal_uart.o
START GROUP
LOAD /opt/st/stm32cubeide_1.18.1/plugins/com.st.stm32cube.ide.mcu.externaltools.gnu-tools-for-stm32.13.3.rel1.linux64_1.0.0.202410170706/tools/bin/../lib/gcc/arm-none-eabi/13.3.1/../../../../arm-none-eabi/lib/thumb/v7-m/nofp/libstdc++_nano.a
LOAD /opt/st/stm32cubeide_1.18.1/plugins/com.st.stm32cube.ide.mcu.externaltools.gnu-tools-for-stm32.13.3.rel1.linux64_1.0.0.202410170706/tools/bin/../lib/gcc/arm-none-eabi/13.3.1/../../../../arm-none-eabi/lib/thumb/v7-m/nofp/libsupc++_nano.a
END GROUP
LOAD /opt/st/stm32cubeide_1.18.1/plugins/com.st.stm32cube.ide.mcu.externaltools.gnu-tools-for-stm32.13.3.rel1.linux64_1.0.0.202410170706/tools/bin/../lib/gcc/arm-none-eabi/13.3.1/../../../../arm-none-eabi/lib/thumb/v7-m/nofp/libstdc++_nano.a
LOAD /opt/st/stm32cubeide_1.18.1/plugins/com.st.stm32cube.ide.mcu.externaltools.gnu-tools-for-stm32.13.3.rel1.linux64_1.0.0.202410170706/tools/bin/../lib/gcc/arm-none-eabi/13.3.1/../../../../arm-none-eabi/lib/thumb/v7-m/nofp/libm.a
LOAD /opt/st/stm32cubeide_1.18.1/plugins/com.st.stm32cube.ide.mcu.externaltools.gnu-tools-for-stm32.13.3.rel1.linux64_1.0.0.202410170706/tools/bin/../lib/gcc/arm-none-eabi/13.3.1/../../../../arm-none-eabi/lib/thumb/v7-m/nofp/libc_nano.a
START GROUP
LOAD /opt/st/stm32cubeide_1.18.1/plugins/com.st.stm32cube.ide.mcu.externaltools.gnu-tools-for-stm32.13.3.rel1.linux64_1.0.0.202410170706/tools/bin/../lib/gcc/arm-none-eabi/13.3.1/thumb/v7-m/nofp/libgcc.a
LOAD /opt/st/stm32cubeide_1.18.1/plugins/com.st.stm32cube.ide.mcu.externaltools.gnu-tools-for-stm32.13.3.rel1.linux64_1.0.0.202410170706/tools/bin/../lib/gcc/arm-none-eabi/13.3.1/../../../../arm-none-eabi/lib/thumb/v7-m/nofp/libc_nano.a
END GROUP
START GROUP
LOAD /opt/st/stm32cubeide_1.18.1/plugins/com.st.stm32cube.ide.mcu.externaltools.gnu-tools-for-stm32.13.3.rel1.linux64_1.0.0.202410170706/tools/bin/../lib/gcc/arm-none-eabi/13.3.1/thumb/v7-m/nofp/libgcc.a
LOAD /opt/st/stm32cubeide_1.18.1/plugins/com.st.stm32cube.ide.mcu.externaltools.gnu-tools-for-stm32.13.3.rel1.linux64_1.0.0.202410170706/tools/bin/../lib/gcc/arm-none-eabi/13.3.1/../../../../arm-none-eabi/lib/thumb/v7-m/nofp/libc_nano.a
LOAD /opt/st/stm32cubeide_1.18.1/plugins/com.st.stm32cube.ide.mcu.externaltools.gnu-tools-for-stm32.13.3.rel1.linux64_1.0.0.202410170706/tools/bin/../lib/gcc/arm-none-eabi/13.3.1/../../../../arm-none-eabi/lib/thumb/v7-m/nofp/libnosys.a
END GROUP
START GROUP
LOAD /opt/st/stm32cubeide_1.18.1/plugins/com.st.stm32cube.ide.mcu.externaltools.gnu-tools-for-stm32.13.3.rel1.linux64_1.0.0.202410170706/tools/bin/../lib/gcc/arm-none-eabi/13.3.1/thumb/v7-m/nofp/libgcc.a
LOAD /opt/st/stm32cubeide_1.18.1/plugins/com.st.stm32cube.ide.mcu.externaltools.gnu-tools-for-stm32.13.3.rel1.linux64_1.0.0.202410170706/tools/bin/../lib/gcc/arm-none-eabi/13.3.1/../../../../arm-none-eabi/lib/thumb/v7-m/nofp/libc_nano.a
LOAD /opt/st/stm32cubeide_1.18.1/plugins/com.st.stm32cube.ide.mcu.externaltools.gnu-tools-for-stm32.13.3.rel1.linux64_1.0.0.202410170706/tools/bin/../lib/gcc/arm-none-eabi/13.3.1/../../../../arm-none-eabi/lib/thumb/v7-m/nofp/libnosys.a
END GROUP
LOAD /opt/st/stm32cubeide_1.18.1/plugins/com.st.stm32cube.ide.mcu.externaltools.gnu-tools-for-stm32.13.3.rel1.linux64_1.0.0.202410170706/tools/bin/../lib/gcc/arm-none-eabi/13.3.1/thumb/v7-m/nofp/crtend.o
LOAD /opt/st/stm32cubeide_1.18.1/plugins/com.st.stm32cube.ide.mcu.externaltools.gnu-tools-for-stm32.13.3.rel1.linux64_1.0.0.202410170706/tools/bin/../lib/gcc/arm-none-eabi/13.3.1/thumb/v7-m/nofp/crtn.o
                0x2000c000                        _estack = (ORIGIN (RAM) + LENGTH (RAM))
                0x00000200                        _Min_Heap_Size = 0x200
                0x00000400                        _Min_Stack_Size = 0x400

.isr_vector     0x08000000      0x1e4
                0x08000000                        . = ALIGN (0x4)
 *(.isr_vector)
 .isr_vector    0x08000000      0x1e4 ./Core/Startup/startup_stm32f103rctx.o
                0x08000000                g_pfnVectors
                0x080001e4                        . = ALIGN (0x4)

.text           0x080001e4     0x5758
                0x080001e4                        . = ALIGN (0x4)
 *(.text)
 .text          0x080001e4       0x40 /opt/st/stm32cubeide_1.18.1/plugins/com.st.stm32cube.ide.mcu.externaltools.gnu-tools-for-stm32.13.3.rel1.linux64_1.0.0.202410170706/tools/bin/../lib/gcc/arm-none-eabi/13.3.1/thumb/v7-m/nofp/crtbegin.o
 .text          0x08000224       0x10 /opt/st/stm32cubeide_1.18.1/plugins/com.st.stm32cube.ide.mcu.externaltools.gnu-tools-for-stm32.13.3.rel1.linux64_1.0.0.202410170706/tools/bin/../lib/gcc/arm-none-eabi/13.3.1/../../../../arm-none-eabi/lib/thumb/v7-m/nofp/libc_nano.a(libc_a-strlen.o)
                0x08000224                strlen
 *(.text*)
 .text.main     0x08000234       0x2e ./Core/Src/main.o
                0x08000234                main
 .text.SystemClock_Config
                0x08000262       0x8a ./Core/Src/main.o
                0x08000262                SystemClock_Config
 .text.MX_NVIC_Init
                0x080002ec       0x48 ./Core/Src/main.o
 .text.MX_SPI1_Init
                0x08000334       0x6c ./Core/Src/main.o
 .text.MX_TIM6_Init
                0x080003a0       0x6c ./Core/Src/main.o
 .text.MX_USART1_UART_Init
                0x0800040c       0x54 ./Core/Src/main.o
 .text.MX_USART3_UART_Init
                0x08000460       0x54 ./Core/Src/main.o
 .text.MX_GPIO_Init
                0x080004b4      0x100 ./Core/Src/main.o
 .text.HAL_TIM_PeriodElapsedCallback
                0x080005b4       0x34 ./Core/Src/main.o
                0x080005b4                HAL_TIM_PeriodElapsedCallback
 .text.Error_Handler
                0x080005e8        0xc ./Core/Src/main.o
                0x080005e8                Error_Handler
 .text.MainProc
                0x080005f4       0x90 ./Core/Src/mainProc.o
                0x080005f4                MainProc
 .text.UartRX   0x08000684       0x50 ./Core/Src/mainProc.o
                0x08000684                UartRX
 .text.ReceiveUartRx
                0x080006d4       0x1a ./Core/Src/mainProc.o
                0x080006d4                ReceiveUartRx
 *fill*         0x080006ee        0x2 
 .text.TimIrq   0x080006f0       0x38 ./Core/Src/mainProc.o
                0x080006f0                TimIrq
 .text.HAL_GPIO_EXTI_Callback
                0x08000728       0x24 ./Core/Src/mainProc.o
                0x08000728                HAL_GPIO_EXTI_Callback
 .text._Z41__static_initialization_and_destruction_0v
                0x0800074c       0x28 ./Core/Src/mainProc.o
 .text._ZN6daniel5USARTD2Ev
                0x08000774       0x1c ./Core/Src/mainProc.o
                0x08000774                daniel::USART::~USART()
                0x08000774                daniel::USART::~USART()
 .text._Z41__static_initialization_and_destruction_1v
                0x08000790       0x14 ./Core/Src/mainProc.o
 .text._GLOBAL__sub_I_uart
                0x080007a4        0xa ./Core/Src/mainProc.o
 .text._GLOBAL__sub_D_uart
                0x080007ae        0xa ./Core/Src/mainProc.o
 .text._ZN6daniel8nRF24L01C2EP19__SPI_HandleTypeDef
                0x080007b8       0x50 ./Core/Src/nRF24L01.o
                0x080007b8                daniel::nRF24L01::nRF24L01(__SPI_HandleTypeDef*)
                0x080007b8                daniel::nRF24L01::nRF24L01(__SPI_HandleTypeDef*)
 .text._ZN6daniel8nRF24L015SetCSERKb
                0x08000808       0x30 ./Core/Src/nRF24L01.o
                0x08000808                daniel::nRF24L01::SetCS(bool const&)
 .text._ZN6daniel8nRF24L015SetCEERKb
                0x08000838       0x54 ./Core/Src/nRF24L01.o
                0x08000838                daniel::nRF24L01::SetCE(bool const&)
 .text._ZN6daniel8nRF24L015BeginERKNS_6RfModeE
                0x0800088c       0x44 ./Core/Src/nRF24L01.o
                0x0800088c                daniel::nRF24L01::Begin(daniel::RfMode const&)
 .text._ZN6daniel8nRF24L014InitEv
                0x080008d0      0x1c8 ./Core/Src/nRF24L01.o
                0x080008d0                daniel::nRF24L01::Init()
 .text._ZN6daniel8nRF24L0110InspectionEv
                0x08000a98      0x380 ./Core/Src/nRF24L01.o
                0x08000a98                daniel::nRF24L01::Inspection()
 .text._ZN6daniel8nRF24L0110PowerOnOffEb
                0x08000e18       0x80 ./Core/Src/nRF24L01.o
                0x08000e18                daniel::nRF24L01::PowerOnOff(bool)
 .text._ZN6daniel8nRF24L019SetRfModeERKNS_6RfModeE
                0x08000e98       0x60 ./Core/Src/nRF24L01.o
                0x08000e98                daniel::nRF24L01::SetRfMode(daniel::RfMode const&)
 .text._ZN6daniel8nRF24L0112PushToTxFifoEPh
                0x08000ef8       0x90 ./Core/Src/nRF24L01.o
                0x08000ef8                daniel::nRF24L01::PushToTxFifo(unsigned char*)
 .text._ZN6daniel8nRF24L0113PopFromRxFifoEPh
                0x08000f88       0x90 ./Core/Src/nRF24L01.o
                0x08000f88                daniel::nRF24L01::PopFromRxFifo(unsigned char*)
 .text._ZN6daniel8nRF24L017ReceiveEPh
                0x08001018       0x5c ./Core/Src/nRF24L01.o
                0x08001018                daniel::nRF24L01::Receive(unsigned char*)
 .text._ZN6daniel8nRF24L018TransmitEPh
                0x08001074       0x1e ./Core/Src/nRF24L01.o
                0x08001074                daniel::nRF24L01::Transmit(unsigned char*)
 *fill*         0x08001092        0x2 
 .text._ZN6daniel8nRF24L019AccessRegERKhS2_S2_
                0x08001094      0x148 ./Core/Src/nRF24L01.o
                0x08001094                daniel::nRF24L01::AccessReg(unsigned char const&, unsigned char const&, unsigned char const&)
 .text._ZNK6daniel8nRF24L019FlushFIFOEv
                0x080011dc       0x28 ./Core/Src/nRF24L01.o
                0x080011dc                daniel::nRF24L01::FlushFIFO() const
 .text._ZNK6daniel8nRF24L019FlushFIFOERKh
                0x08001204       0x94 ./Core/Src/nRF24L01.o
                0x08001204                daniel::nRF24L01::FlushFIFO(unsigned char const&) const
 .text._ZN6daniel8nRF24L017SetUartEPNS_5USARTE
                0x08001298       0x1a ./Core/Src/nRF24L01.o
                0x08001298                daniel::nRF24L01::SetUart(daniel::USART*)
 *fill*         0x080012b2        0x2 
 .text._ZNK6daniel8nRF24L013LogEPKcz
                0x080012b4       0x50 ./Core/Src/nRF24L01.o
                0x080012b4                daniel::nRF24L01::Log(char const*, ...) const
 .text._ZN6daniel8nRF24L013IrqEv
                0x08001304       0x28 ./Core/Src/nRF24L01.o
                0x08001304                daniel::nRF24L01::Irq()
 .text._ZN6daniel8nRF24L015IrqTxEv
                0x0800132c       0x80 ./Core/Src/nRF24L01.o
                0x0800132c                daniel::nRF24L01::IrqTx()
 .text._ZN6daniel8nRF24L015IrqRxEv
                0x080013ac       0x58 ./Core/Src/nRF24L01.o
                0x080013ac                daniel::nRF24L01::IrqRx()
 .text._ZN6daniel10RingBufferIhE5AllocERKt
                0x08001404       0x68 ./Core/Src/ringbuffer.o
                0x08001404                daniel::RingBuffer<unsigned char>::Alloc(unsigned short const&)
 .text._ZN6daniel10RingBufferIhEC2Ev
                0x0800146c       0x50 ./Core/Src/ringbuffer.o
                0x0800146c                daniel::RingBuffer<unsigned char>::RingBuffer()
                0x0800146c                daniel::RingBuffer<unsigned char>::RingBuffer()
 .text._ZN6daniel10RingBufferIhED2Ev
                0x080014bc       0x36 ./Core/Src/ringbuffer.o
                0x080014bc                daniel::RingBuffer<unsigned char>::~RingBuffer()
                0x080014bc                daniel::RingBuffer<unsigned char>::~RingBuffer()
 *fill*         0x080014f2        0x2 
 .text.HAL_MspInit
                0x080014f4       0x64 ./Core/Src/stm32f1xx_hal_msp.o
                0x080014f4                HAL_MspInit
 .text.HAL_SPI_MspInit
                0x08001558       0x94 ./Core/Src/stm32f1xx_hal_msp.o
                0x08001558                HAL_SPI_MspInit
 .text.HAL_TIM_Base_MspInit
                0x080015ec       0x3c ./Core/Src/stm32f1xx_hal_msp.o
                0x080015ec                HAL_TIM_Base_MspInit
 .text.HAL_UART_MspInit
                0x08001628      0x110 ./Core/Src/stm32f1xx_hal_msp.o
                0x08001628                HAL_UART_MspInit
 .text.HAL_UART_MspDeInit
                0x08001738       0x6c ./Core/Src/stm32f1xx_hal_msp.o
                0x08001738                HAL_UART_MspDeInit
 .text.HAL_InitTick
                0x080017a4       0xfc ./Core/Src/stm32f1xx_hal_timebase_tim.o
                0x080017a4                HAL_InitTick
 .text.NMI_Handler
                0x080018a0        0x8 ./Core/Src/stm32f1xx_it.o
                0x080018a0                NMI_Handler
 .text.HardFault_Handler
                0x080018a8        0x8 ./Core/Src/stm32f1xx_it.o
                0x080018a8                HardFault_Handler
 .text.MemManage_Handler
                0x080018b0        0x8 ./Core/Src/stm32f1xx_it.o
                0x080018b0                MemManage_Handler
 .text.BusFault_Handler
                0x080018b8        0x8 ./Core/Src/stm32f1xx_it.o
                0x080018b8                BusFault_Handler
 .text.UsageFault_Handler
                0x080018c0        0x8 ./Core/Src/stm32f1xx_it.o
                0x080018c0                UsageFault_Handler
 .text.SVC_Handler
                0x080018c8        0xc ./Core/Src/stm32f1xx_it.o
                0x080018c8                SVC_Handler
 .text.DebugMon_Handler
                0x080018d4        0xc ./Core/Src/stm32f1xx_it.o
                0x080018d4                DebugMon_Handler
 .text.PendSV_Handler
                0x080018e0        0xc ./Core/Src/stm32f1xx_it.o
                0x080018e0                PendSV_Handler
 .text.SysTick_Handler
                0x080018ec        0xc ./Core/Src/stm32f1xx_it.o
                0x080018ec                SysTick_Handler
 .text.EXTI0_IRQHandler
                0x080018f8        0xe ./Core/Src/stm32f1xx_it.o
                0x080018f8                EXTI0_IRQHandler
 *fill*         0x08001906        0x2 
 .text.SPI1_IRQHandler
                0x08001908       0x14 ./Core/Src/stm32f1xx_it.o
                0x08001908                SPI1_IRQHandler
 .text.USART1_IRQHandler
                0x0800191c       0x1c ./Core/Src/stm32f1xx_it.o
                0x0800191c                USART1_IRQHandler
 .text.TIM6_IRQHandler
                0x08001938       0x14 ./Core/Src/stm32f1xx_it.o
                0x08001938                TIM6_IRQHandler
 .text.TIM7_IRQHandler
                0x0800194c       0x14 ./Core/Src/stm32f1xx_it.o
                0x0800194c                TIM7_IRQHandler
 .text._getpid  0x08001960        0xe ./Core/Src/syscalls.o
                0x08001960                _getpid
 .text._kill    0x0800196e       0x20 ./Core/Src/syscalls.o
                0x0800196e                _kill
 .text._exit    0x0800198e       0x16 ./Core/Src/syscalls.o
                0x0800198e                _exit
 .text._sbrk    0x080019a4       0x6c ./Core/Src/sysmem.o
                0x080019a4                _sbrk
 .text.SystemInit
                0x08001a10        0xc ./Core/Src/system_stm32f1xx.o
                0x08001a10                SystemInit
 .text._ZN6daniel5USARTC2EP20__UART_HandleTypeDef
                0x08001a1c       0x3e ./Core/Src/usart.o
                0x08001a1c                daniel::USART::USART(__UART_HandleTypeDef*)
                0x08001a1c                daniel::USART::USART(__UART_HandleTypeDef*)
 .text._ZN6daniel5USART5BeginEv
                0x08001a5a       0xa0 ./Core/Src/usart.o
                0x08001a5a                daniel::USART::Begin()
 .text._ZNK6daniel5USART9Send_A_CHERKm
                0x08001afa       0x70 ./Core/Src/usart.o
                0x08001afa                daniel::USART::Send_A_CH(unsigned long const&) const
 .text._ZNK6daniel5USART11SendMessageEPKht
                0x08001b6a       0xc2 ./Core/Src/usart.o
                0x08001b6a                daniel::USART::SendMessage(unsigned char const*, unsigned short) const
 .text._ZNK6daniel5USART11SendMessageEPKcz
                0x08001c2c       0x54 ./Core/Src/usart.o
                0x08001c2c                daniel::USART::SendMessage(char const*, ...) const
 .text._ZNK6daniel5USART8StuffingEPhRtPKhRKt
                0x08001c80       0xde ./Core/Src/usart.o
                0x08001c80                daniel::USART::Stuffing(unsigned char*, unsigned short&, unsigned char const*, unsigned short const&) const
 *fill*         0x08001d5e        0x2 
 .text.Reset_Handler
                0x08001d60       0x48 ./Core/Startup/startup_stm32f103rctx.o
                0x08001d60                Reset_Handler
 .text.Default_Handler
                0x08001da8        0x2 ./Core/Startup/startup_stm32f103rctx.o
                0x08001da8                RTC_Alarm_IRQHandler
                0x08001da8                EXTI2_IRQHandler
                0x08001da8                TIM8_TRG_COM_IRQHandler
                0x08001da8                TIM8_CC_IRQHandler
                0x08001da8                TIM1_CC_IRQHandler
                0x08001da8                PVD_IRQHandler
                0x08001da8                SDIO_IRQHandler
                0x08001da8                EXTI3_IRQHandler
                0x08001da8                I2C2_EV_IRQHandler
                0x08001da8                ADC1_2_IRQHandler
                0x08001da8                TAMPER_IRQHandler
                0x08001da8                TIM8_UP_IRQHandler
                0x08001da8                DMA2_Channel2_IRQHandler
                0x08001da8                DMA1_Channel4_IRQHandler
                0x08001da8                USART3_IRQHandler
                0x08001da8                RTC_IRQHandler
                0x08001da8                DMA1_Channel7_IRQHandler
                0x08001da8                CAN1_RX1_IRQHandler
                0x08001da8                UART5_IRQHandler
                0x08001da8                ADC3_IRQHandler
                0x08001da8                TIM4_IRQHandler
                0x08001da8                DMA2_Channel1_IRQHandler
                0x08001da8                I2C1_EV_IRQHandler
                0x08001da8                DMA1_Channel6_IRQHandler
                0x08001da8                UART4_IRQHandler
                0x08001da8                TIM3_IRQHandler
                0x08001da8                RCC_IRQHandler
                0x08001da8                TIM1_TRG_COM_IRQHandler
                0x08001da8                DMA1_Channel1_IRQHandler
                0x08001da8                Default_Handler
                0x08001da8                EXTI15_10_IRQHandler
                0x08001da8                TIM5_IRQHandler
                0x08001da8                EXTI9_5_IRQHandler
                0x08001da8                SPI2_IRQHandler
                0x08001da8                DMA1_Channel5_IRQHandler
                0x08001da8                EXTI4_IRQHandler
                0x08001da8                USB_LP_CAN1_RX0_IRQHandler
                0x08001da8                USB_HP_CAN1_TX_IRQHandler
                0x08001da8                DMA1_Channel3_IRQHandler
                0x08001da8                FSMC_IRQHandler
                0x08001da8                TIM1_UP_IRQHandler
                0x08001da8                WWDG_IRQHandler
                0x08001da8                TIM2_IRQHandler
                0x08001da8                TIM1_BRK_IRQHandler
                0x08001da8                EXTI1_IRQHandler
                0x08001da8                DMA2_Channel4_5_IRQHandler
                0x08001da8                USART2_IRQHandler
                0x08001da8                I2C2_ER_IRQHandler
                0x08001da8                DMA1_Channel2_IRQHandler
                0x08001da8                TIM8_BRK_IRQHandler
                0x08001da8                CAN1_SCE_IRQHandler
                0x08001da8                FLASH_IRQHandler
                0x08001da8                SPI3_IRQHandler
                0x08001da8                I2C1_ER_IRQHandler
                0x08001da8                USBWakeUp_IRQHandler
                0x08001da8                DMA2_Channel3_IRQHandler
 *fill*         0x08001daa        0x2 
 .text.HAL_Init
                0x08001dac       0x2c ./Drivers/STM32F1xx_HAL_Driver/Src/stm32f1xx_hal.o
                0x08001dac                HAL_Init
 .text.HAL_IncTick
                0x08001dd8       0x24 ./Drivers/STM32F1xx_HAL_Driver/Src/stm32f1xx_hal.o
                0x08001dd8                HAL_IncTick
 .text.HAL_GetTick
                0x08001dfc       0x14 ./Drivers/STM32F1xx_HAL_Driver/Src/stm32f1xx_hal.o
                0x08001dfc                HAL_GetTick
 .text.__NVIC_SetPriorityGrouping
                0x08001e10       0x48 ./Drivers/STM32F1xx_HAL_Driver/Src/stm32f1xx_hal_cortex.o
 .text.__NVIC_GetPriorityGrouping
                0x08001e58       0x1c ./Drivers/STM32F1xx_HAL_Driver/Src/stm32f1xx_hal_cortex.o
 .text.__NVIC_EnableIRQ
                0x08001e74       0x38 ./Drivers/STM32F1xx_HAL_Driver/Src/stm32f1xx_hal_cortex.o
 .text.__NVIC_DisableIRQ
                0x08001eac       0x48 ./Drivers/STM32F1xx_HAL_Driver/Src/stm32f1xx_hal_cortex.o
 .text.__NVIC_SetPriority
                0x08001ef4       0x54 ./Drivers/STM32F1xx_HAL_Driver/Src/stm32f1xx_hal_cortex.o
 .text.NVIC_EncodePriority
                0x08001f48       0x64 ./Drivers/STM32F1xx_HAL_Driver/Src/stm32f1xx_hal_cortex.o
 .text.HAL_NVIC_SetPriorityGrouping
                0x08001fac       0x16 ./Drivers/STM32F1xx_HAL_Driver/Src/stm32f1xx_hal_cortex.o
                0x08001fac                HAL_NVIC_SetPriorityGrouping
 .text.HAL_NVIC_SetPriority
                0x08001fc2       0x38 ./Drivers/STM32F1xx_HAL_Driver/Src/stm32f1xx_hal_cortex.o
                0x08001fc2                HAL_NVIC_SetPriority
 .text.HAL_NVIC_EnableIRQ
                0x08001ffa       0x1c ./Drivers/STM32F1xx_HAL_Driver/Src/stm32f1xx_hal_cortex.o
                0x08001ffa                HAL_NVIC_EnableIRQ
 .text.HAL_NVIC_DisableIRQ
                0x08002016       0x1c ./Drivers/STM32F1xx_HAL_Driver/Src/stm32f1xx_hal_cortex.o
                0x08002016                HAL_NVIC_DisableIRQ
 .text.HAL_DMA_Abort
                0x08002032       0x76 ./Drivers/STM32F1xx_HAL_Driver/Src/stm32f1xx_hal_dma.o
                0x08002032                HAL_DMA_Abort
 .text.HAL_DMA_Abort_IT
                0x080020a8      0x210 ./Drivers/STM32F1xx_HAL_Driver/Src/stm32f1xx_hal_dma.o
                0x080020a8                HAL_DMA_Abort_IT
 .text.HAL_GPIO_Init
                0x080022b8      0x328 ./Drivers/STM32F1xx_HAL_Driver/Src/stm32f1xx_hal_gpio.o
                0x080022b8                HAL_GPIO_Init
 .text.HAL_GPIO_DeInit
                0x080025e0      0x198 ./Drivers/STM32F1xx_HAL_Driver/Src/stm32f1xx_hal_gpio.o
                0x080025e0                HAL_GPIO_DeInit
 .text.HAL_GPIO_WritePin
                0x08002778       0x30 ./Drivers/STM32F1xx_HAL_Driver/Src/stm32f1xx_hal_gpio.o
                0x08002778                HAL_GPIO_WritePin
 .text.HAL_GPIO_TogglePin
                0x080027a8       0x32 ./Drivers/STM32F1xx_HAL_Driver/Src/stm32f1xx_hal_gpio.o
                0x080027a8                HAL_GPIO_TogglePin
 *fill*         0x080027da        0x2 
 .text.HAL_GPIO_EXTI_IRQHandler
                0x080027dc       0x30 ./Drivers/STM32F1xx_HAL_Driver/Src/stm32f1xx_hal_gpio.o
                0x080027dc                HAL_GPIO_EXTI_IRQHandler
 .text.HAL_RCC_OscConfig
                0x0800280c      0x504 ./Drivers/STM32F1xx_HAL_Driver/Src/stm32f1xx_hal_rcc.o
                0x0800280c                HAL_RCC_OscConfig
 .text.HAL_RCC_ClockConfig
                0x08002d10      0x1d4 ./Drivers/STM32F1xx_HAL_Driver/Src/stm32f1xx_hal_rcc.o
                0x08002d10                HAL_RCC_ClockConfig
 .text.HAL_RCC_GetSysClockFreq
                0x08002ee4       0xa8 ./Drivers/STM32F1xx_HAL_Driver/Src/stm32f1xx_hal_rcc.o
                0x08002ee4                HAL_RCC_GetSysClockFreq
 .text.HAL_RCC_GetHCLKFreq
                0x08002f8c       0x14 ./Drivers/STM32F1xx_HAL_Driver/Src/stm32f1xx_hal_rcc.o
                0x08002f8c                HAL_RCC_GetHCLKFreq
 .text.HAL_RCC_GetPCLK1Freq
                0x08002fa0       0x28 ./Drivers/STM32F1xx_HAL_Driver/Src/stm32f1xx_hal_rcc.o
                0x08002fa0                HAL_RCC_GetPCLK1Freq
 .text.HAL_RCC_GetPCLK2Freq
                0x08002fc8       0x28 ./Drivers/STM32F1xx_HAL_Driver/Src/stm32f1xx_hal_rcc.o
                0x08002fc8                HAL_RCC_GetPCLK2Freq
 .text.HAL_RCC_GetClockConfig
                0x08002ff0       0x60 ./Drivers/STM32F1xx_HAL_Driver/Src/stm32f1xx_hal_rcc.o
                0x08002ff0                HAL_RCC_GetClockConfig
 .text.RCC_Delay
                0x08003050       0x3c ./Drivers/STM32F1xx_HAL_Driver/Src/stm32f1xx_hal_rcc.o
 .text.HAL_SPI_Init
                0x0800308c      0x108 ./Drivers/STM32F1xx_HAL_Driver/Src/stm32f1xx_hal_spi.o
                0x0800308c                HAL_SPI_Init
 .text.HAL_SPI_Transmit
                0x08003194      0x288 ./Drivers/STM32F1xx_HAL_Driver/Src/stm32f1xx_hal_spi.o
                0x08003194                HAL_SPI_Transmit
 .text.HAL_SPI_Receive
                0x0800341c      0x232 ./Drivers/STM32F1xx_HAL_Driver/Src/stm32f1xx_hal_spi.o
                0x0800341c                HAL_SPI_Receive
 .text.HAL_SPI_TransmitReceive
                0x0800364e      0x352 ./Drivers/STM32F1xx_HAL_Driver/Src/stm32f1xx_hal_spi.o
                0x0800364e                HAL_SPI_TransmitReceive
 .text.HAL_SPI_IRQHandler
                0x080039a0      0x1cc ./Drivers/STM32F1xx_HAL_Driver/Src/stm32f1xx_hal_spi.o
                0x080039a0                HAL_SPI_IRQHandler
 .text.HAL_SPI_ErrorCallback
                0x08003b6c       0x12 ./Drivers/STM32F1xx_HAL_Driver/Src/stm32f1xx_hal_spi.o
                0x08003b6c                HAL_SPI_ErrorCallback
 .text.SPI_DMAAbortOnError
                0x08003b7e       0x28 ./Drivers/STM32F1xx_HAL_Driver/Src/stm32f1xx_hal_spi.o
 *fill*         0x08003ba6        0x2 
 .text.SPI_WaitFlagStateUntilTimeout
                0x08003ba8      0x110 ./Drivers/STM32F1xx_HAL_Driver/Src/stm32f1xx_hal_spi.o
 .text.SPI_EndRxTransaction
                0x08003cb8       0xa4 ./Drivers/STM32F1xx_HAL_Driver/Src/stm32f1xx_hal_spi.o
 .text.SPI_EndRxTxTransaction
                0x08003d5c       0x62 ./Drivers/STM32F1xx_HAL_Driver/Src/stm32f1xx_hal_spi.o
 .text.HAL_TIM_Base_Init
                0x08003dbe       0x9e ./Drivers/STM32F1xx_HAL_Driver/Src/stm32f1xx_hal_tim.o
                0x08003dbe                HAL_TIM_Base_Init
 .text.HAL_TIM_Base_Start_IT
                0x08003e5c       0xc0 ./Drivers/STM32F1xx_HAL_Driver/Src/stm32f1xx_hal_tim.o
                0x08003e5c                HAL_TIM_Base_Start_IT
 .text.HAL_TIM_IRQHandler
                0x08003f1c      0x1e0 ./Drivers/STM32F1xx_HAL_Driver/Src/stm32f1xx_hal_tim.o
                0x08003f1c                HAL_TIM_IRQHandler
 .text.HAL_TIM_OC_DelayElapsedCallback
                0x080040fc       0x12 ./Drivers/STM32F1xx_HAL_Driver/Src/stm32f1xx_hal_tim.o
                0x080040fc                HAL_TIM_OC_DelayElapsedCallback
 .text.HAL_TIM_IC_CaptureCallback
                0x0800410e       0x12 ./Drivers/STM32F1xx_HAL_Driver/Src/stm32f1xx_hal_tim.o
                0x0800410e                HAL_TIM_IC_CaptureCallback
 .text.HAL_TIM_PWM_PulseFinishedCallback
                0x08004120       0x12 ./Drivers/STM32F1xx_HAL_Driver/Src/stm32f1xx_hal_tim.o
                0x08004120                HAL_TIM_PWM_PulseFinishedCallback
 .text.HAL_TIM_TriggerCallback
                0x08004132       0x12 ./Drivers/STM32F1xx_HAL_Driver/Src/stm32f1xx_hal_tim.o
                0x08004132                HAL_TIM_TriggerCallback
 .text.TIM_Base_SetConfig
                0x08004144      0x10c ./Drivers/STM32F1xx_HAL_Driver/Src/stm32f1xx_hal_tim.o
                0x08004144                TIM_Base_SetConfig
 .text.HAL_TIMEx_MasterConfigSynchronization
                0x08004250       0xd8 ./Drivers/STM32F1xx_HAL_Driver/Src/stm32f1xx_hal_tim_ex.o
                0x08004250                HAL_TIMEx_MasterConfigSynchronization
 .text.HAL_TIMEx_CommutCallback
                0x08004328       0x12 ./Drivers/STM32F1xx_HAL_Driver/Src/stm32f1xx_hal_tim_ex.o
                0x08004328                HAL_TIMEx_CommutCallback
 .text.HAL_TIMEx_BreakCallback
                0x0800433a       0x12 ./Drivers/STM32F1xx_HAL_Driver/Src/stm32f1xx_hal_tim_ex.o
                0x0800433a                HAL_TIMEx_BreakCallback
 .text.HAL_UART_Init
                0x0800434c       0xa0 ./Drivers/STM32F1xx_HAL_Driver/Src/stm32f1xx_hal_uart.o
                0x0800434c                HAL_UART_Init
 .text.HAL_UART_DeInit
                0x080043ec       0x64 ./Drivers/STM32F1xx_HAL_Driver/Src/stm32f1xx_hal_uart.o
                0x080043ec                HAL_UART_DeInit
 .text.HAL_UART_Receive_IT
                0x08004450       0x4a ./Drivers/STM32F1xx_HAL_Driver/Src/stm32f1xx_hal_uart.o
                0x08004450                HAL_UART_Receive_IT
 *fill*         0x0800449a        0x2 
 .text.HAL_UART_IRQHandler
                0x0800449c      0x524 ./Drivers/STM32F1xx_HAL_Driver/Src/stm32f1xx_hal_uart.o
                0x0800449c                HAL_UART_IRQHandler
 .text.HAL_UART_TxCpltCallback
                0x080049c0       0x12 ./Drivers/STM32F1xx_HAL_Driver/Src/stm32f1xx_hal_uart.o
                0x080049c0                HAL_UART_TxCpltCallback
 .text.HAL_UART_RxCpltCallback
                0x080049d2       0x12 ./Drivers/STM32F1xx_HAL_Driver/Src/stm32f1xx_hal_uart.o
                0x080049d2                HAL_UART_RxCpltCallback
 .text.HAL_UART_ErrorCallback
                0x080049e4       0x12 ./Drivers/STM32F1xx_HAL_Driver/Src/stm32f1xx_hal_uart.o
                0x080049e4                HAL_UART_ErrorCallback
 .text.HAL_UARTEx_RxEventCallback
                0x080049f6       0x16 ./Drivers/STM32F1xx_HAL_Driver/Src/stm32f1xx_hal_uart.o
                0x080049f6                HAL_UARTEx_RxEventCallback
 .text.UART_Start_Receive_IT
                0x08004a0c       0x72 ./Drivers/STM32F1xx_HAL_Driver/Src/stm32f1xx_hal_uart.o
                0x08004a0c                UART_Start_Receive_IT
 .text.UART_EndRxTransfer
                0x08004a7e       0xc4 ./Drivers/STM32F1xx_HAL_Driver/Src/stm32f1xx_hal_uart.o
 .text.UART_DMAAbortOnError
                0x08004b42       0x28 ./Drivers/STM32F1xx_HAL_Driver/Src/stm32f1xx_hal_uart.o
 .text.UART_Transmit_IT
                0x08004b6a       0x9e ./Drivers/STM32F1xx_HAL_Driver/Src/stm32f1xx_hal_uart.o
 .text.UART_EndTransmit_IT
                0x08004c08       0x30 ./Drivers/STM32F1xx_HAL_Driver/Src/stm32f1xx_hal_uart.o
 .text.UART_Receive_IT
                0x08004c38      0x17c ./Drivers/STM32F1xx_HAL_Driver/Src/stm32f1xx_hal_uart.o
 .text.UART_SetConfig
                0x08004db4      0x11c ./Drivers/STM32F1xx_HAL_Driver/Src/stm32f1xx_hal_uart.o
 .text._ZdaPv   0x08004ed0        0x4 /opt/st/stm32cubeide_1.18.1/plugins/com.st.stm32cube.ide.mcu.externaltools.gnu-tools-for-stm32.13.3.rel1.linux64_1.0.0.202410170706/tools/bin/../lib/gcc/arm-none-eabi/13.3.1/../../../../arm-none-eabi/lib/thumb/v7-m/nofp/libstdc++_nano.a(del_opv.o)
                0x08004ed0                operator delete[](void*)
 .text._ZSt15get_new_handlerv
                0x08004ed4       0x10 /opt/st/stm32cubeide_1.18.1/plugins/com.st.stm32cube.ide.mcu.externaltools.gnu-tools-for-stm32.13.3.rel1.linux64_1.0.0.202410170706/tools/bin/../lib/gcc/arm-none-eabi/13.3.1/../../../../arm-none-eabi/lib/thumb/v7-m/nofp/libstdc++_nano.a(new_handler.o)
                0x08004ed4                std::get_new_handler()
 .text._ZnajRKSt9nothrow_t
                0x08004ee4        0x4 /opt/st/stm32cubeide_1.18.1/plugins/com.st.stm32cube.ide.mcu.externaltools.gnu-tools-for-stm32.13.3.rel1.linux64_1.0.0.202410170706/tools/bin/../lib/gcc/arm-none-eabi/13.3.1/../../../../arm-none-eabi/lib/thumb/v7-m/nofp/libstdc++_nano.a(new_opvnt.o)
                0x08004ee4                operator new[](unsigned int, std::nothrow_t const&)
 .text._ZdlPv   0x08004ee8        0x4 /opt/st/stm32cubeide_1.18.1/plugins/com.st.stm32cube.ide.mcu.externaltools.gnu-tools-for-stm32.13.3.rel1.linux64_1.0.0.202410170706/tools/bin/../lib/gcc/arm-none-eabi/13.3.1/../../../../arm-none-eabi/lib/thumb/v7-m/nofp/libstdc++_nano.a(del_op.o)
                0x08004ee8                operator delete(void*)
 .text._Znaj    0x08004eec        0x4 /opt/st/stm32cubeide_1.18.1/plugins/com.st.stm32cube.ide.mcu.externaltools.gnu-tools-for-stm32.13.3.rel1.linux64_1.0.0.202410170706/tools/bin/../lib/gcc/arm-none-eabi/13.3.1/../../../../arm-none-eabi/lib/thumb/v7-m/nofp/libstdc++_nano.a(new_opv.o)
                0x08004eec                operator new[](unsigned int)
 .text._Znwj    0x08004ef0       0x22 /opt/st/stm32cubeide_1.18.1/plugins/com.st.stm32cube.ide.mcu.externaltools.gnu-tools-for-stm32.13.3.rel1.linux64_1.0.0.202410170706/tools/bin/../lib/gcc/arm-none-eabi/13.3.1/../../../../arm-none-eabi/lib/thumb/v7-m/nofp/libstdc++_nano.a(new_op.o)
                0x08004ef0                operator new(unsigned int)
 .text.abort    0x08004f12        0xe /opt/st/stm32cubeide_1.18.1/plugins/com.st.stm32cube.ide.mcu.externaltools.gnu-tools-for-stm32.13.3.rel1.linux64_1.0.0.202410170706/tools/bin/../lib/gcc/arm-none-eabi/13.3.1/../../../../arm-none-eabi/lib/thumb/v7-m/nofp/libc_nano.a(libc_a-abort.o)
                0x08004f12                abort
 .text.malloc   0x08004f20       0x10 /opt/st/stm32cubeide_1.18.1/plugins/com.st.stm32cube.ide.mcu.externaltools.gnu-tools-for-stm32.13.3.rel1.linux64_1.0.0.202410170706/tools/bin/../lib/gcc/arm-none-eabi/13.3.1/../../../../arm-none-eabi/lib/thumb/v7-m/nofp/libc_nano.a(libc_a-malloc.o)
                0x08004f20                malloc
 .text.free     0x08004f30       0x10 /opt/st/stm32cubeide_1.18.1/plugins/com.st.stm32cube.ide.mcu.externaltools.gnu-tools-for-stm32.13.3.rel1.linux64_1.0.0.202410170706/tools/bin/../lib/gcc/arm-none-eabi/13.3.1/../../../../arm-none-eabi/lib/thumb/v7-m/nofp/libc_nano.a(libc_a-malloc.o)
                0x08004f30                free
 .text.sbrk_aligned
                0x08004f40       0x44 /opt/st/stm32cubeide_1.18.1/plugins/com.st.stm32cube.ide.mcu.externaltools.gnu-tools-for-stm32.13.3.rel1.linux64_1.0.0.202410170706/tools/bin/../lib/gcc/arm-none-eabi/13.3.1/../../../../arm-none-eabi/lib/thumb/v7-m/nofp/libc_nano.a(libc_a-mallocr.o)
 .text._malloc_r
                0x08004f84      0x100 /opt/st/stm32cubeide_1.18.1/plugins/com.st.stm32cube.ide.mcu.externaltools.gnu-tools-for-stm32.13.3.rel1.linux64_1.0.0.202410170706/tools/bin/../lib/gcc/arm-none-eabi/13.3.1/../../../../arm-none-eabi/lib/thumb/v7-m/nofp/libc_nano.a(libc_a-mallocr.o)
                0x08004f84                _malloc_r
 .text.__malloc_lock
                0x08005084        0xc /opt/st/stm32cubeide_1.18.1/plugins/com.st.stm32cube.ide.mcu.externaltools.gnu-tools-for-stm32.13.3.rel1.linux64_1.0.0.202410170706/tools/bin/../lib/gcc/arm-none-eabi/13.3.1/../../../../arm-none-eabi/lib/thumb/v7-m/nofp/libc_nano.a(libc_a-mlock.o)
                0x08005084                __malloc_lock
 .text.__malloc_unlock
                0x08005090        0xc /opt/st/stm32cubeide_1.18.1/plugins/com.st.stm32cube.ide.mcu.externaltools.gnu-tools-for-stm32.13.3.rel1.linux64_1.0.0.202410170706/tools/bin/../lib/gcc/arm-none-eabi/13.3.1/../../../../arm-none-eabi/lib/thumb/v7-m/nofp/libc_nano.a(libc_a-mlock.o)
                0x08005090                __malloc_unlock
 .text._vsprintf_r
                0x0800509c       0x2c /opt/st/stm32cubeide_1.18.1/plugins/com.st.stm32cube.ide.mcu.externaltools.gnu-tools-for-stm32.13.3.rel1.linux64_1.0.0.202410170706/tools/bin/../lib/gcc/arm-none-eabi/13.3.1/../../../../arm-none-eabi/lib/thumb/v7-m/nofp/libc_nano.a(libc_a-vsprintf.o)
                0x0800509c                _vsiprintf_r
                0x0800509c                _vsprintf_r
 .text.vsprintf
                0x080050c8       0x14 /opt/st/stm32cubeide_1.18.1/plugins/com.st.stm32cube.ide.mcu.externaltools.gnu-tools-for-stm32.13.3.rel1.linux64_1.0.0.202410170706/tools/bin/../lib/gcc/arm-none-eabi/13.3.1/../../../../arm-none-eabi/lib/thumb/v7-m/nofp/libc_nano.a(libc_a-vsprintf.o)
                0x080050c8                vsprintf
                0x080050c8                vsiprintf
 .text.memset   0x080050dc       0x10 /opt/st/stm32cubeide_1.18.1/plugins/com.st.stm32cube.ide.mcu.externaltools.gnu-tools-for-stm32.13.3.rel1.linux64_1.0.0.202410170706/tools/bin/../lib/gcc/arm-none-eabi/13.3.1/../../../../arm-none-eabi/lib/thumb/v7-m/nofp/libc_nano.a(libc_a-memset.o)
                0x080050dc                memset
 .text._raise_r
                0x080050ec       0x50 /opt/st/stm32cubeide_1.18.1/plugins/com.st.stm32cube.ide.mcu.externaltools.gnu-tools-for-stm32.13.3.rel1.linux64_1.0.0.202410170706/tools/bin/../lib/gcc/arm-none-eabi/13.3.1/../../../../arm-none-eabi/lib/thumb/v7-m/nofp/libc_nano.a(libc_a-signal.o)
                0x080050ec                _raise_r
 .text.raise    0x0800513c       0x10 /opt/st/stm32cubeide_1.18.1/plugins/com.st.stm32cube.ide.mcu.externaltools.gnu-tools-for-stm32.13.3.rel1.linux64_1.0.0.202410170706/tools/bin/../lib/gcc/arm-none-eabi/13.3.1/../../../../arm-none-eabi/lib/thumb/v7-m/nofp/libc_nano.a(libc_a-signal.o)
                0x0800513c                raise
 .text._kill_r  0x0800514c       0x24 /opt/st/stm32cubeide_1.18.1/plugins/com.st.stm32cube.ide.mcu.externaltools.gnu-tools-for-stm32.13.3.rel1.linux64_1.0.0.202410170706/tools/bin/../lib/gcc/arm-none-eabi/13.3.1/../../../../arm-none-eabi/lib/thumb/v7-m/nofp/libc_nano.a(libc_a-signalr.o)
                0x0800514c                _kill_r
 .text._getpid_r
                0x08005170        0x4 /opt/st/stm32cubeide_1.18.1/plugins/com.st.stm32cube.ide.mcu.externaltools.gnu-tools-for-stm32.13.3.rel1.linux64_1.0.0.202410170706/tools/bin/../lib/gcc/arm-none-eabi/13.3.1/../../../../arm-none-eabi/lib/thumb/v7-m/nofp/libc_nano.a(libc_a-signalr.o)
                0x08005170                _getpid_r
 .text._sbrk_r  0x08005174       0x20 /opt/st/stm32cubeide_1.18.1/plugins/com.st.stm32cube.ide.mcu.externaltools.gnu-tools-for-stm32.13.3.rel1.linux64_1.0.0.202410170706/tools/bin/../lib/gcc/arm-none-eabi/13.3.1/../../../../arm-none-eabi/lib/thumb/v7-m/nofp/libc_nano.a(libc_a-sbrkr.o)
                0x08005174                _sbrk_r
 .text.__errno  0x08005194        0xc /opt/st/stm32cubeide_1.18.1/plugins/com.st.stm32cube.ide.mcu.externaltools.gnu-tools-for-stm32.13.3.rel1.linux64_1.0.0.202410170706/tools/bin/../lib/gcc/arm-none-eabi/13.3.1/../../../../arm-none-eabi/lib/thumb/v7-m/nofp/libc_nano.a(libc_a-errno.o)
                0x08005194                __errno
 .text.__libc_init_array
                0x080051a0       0x48 /opt/st/stm32cubeide_1.18.1/plugins/com.st.stm32cube.ide.mcu.externaltools.gnu-tools-for-stm32.13.3.rel1.linux64_1.0.0.202410170706/tools/bin/../lib/gcc/arm-none-eabi/13.3.1/../../../../arm-none-eabi/lib/thumb/v7-m/nofp/libc_nano.a(libc_a-init.o)
                0x080051a0                __libc_init_array
 .text.__retarget_lock_acquire_recursive
                0x080051e8        0x2 /opt/st/stm32cubeide_1.18.1/plugins/com.st.stm32cube.ide.mcu.externaltools.gnu-tools-for-stm32.13.3.rel1.linux64_1.0.0.202410170706/tools/bin/../lib/gcc/arm-none-eabi/13.3.1/../../../../arm-none-eabi/lib/thumb/v7-m/nofp/libc_nano.a(libc_a-lock.o)
                0x080051e8                __retarget_lock_acquire_recursive
 .text.__retarget_lock_release_recursive
                0x080051ea        0x2 /opt/st/stm32cubeide_1.18.1/plugins/com.st.stm32cube.ide.mcu.externaltools.gnu-tools-for-stm32.13.3.rel1.linux64_1.0.0.202410170706/tools/bin/../lib/gcc/arm-none-eabi/13.3.1/../../../../arm-none-eabi/lib/thumb/v7-m/nofp/libc_nano.a(libc_a-lock.o)
                0x080051ea                __retarget_lock_release_recursive
 .text._free_r  0x080051ec       0x90 /opt/st/stm32cubeide_1.18.1/plugins/com.st.stm32cube.ide.mcu.externaltools.gnu-tools-for-stm32.13.3.rel1.linux64_1.0.0.202410170706/tools/bin/../lib/gcc/arm-none-eabi/13.3.1/../../../../arm-none-eabi/lib/thumb/v7-m/nofp/libc_nano.a(libc_a-freer.o)
                0x080051ec                _free_r
 .text.__ssputs_r
                0x0800527c       0xb6 /opt/st/stm32cubeide_1.18.1/plugins/com.st.stm32cube.ide.mcu.externaltools.gnu-tools-for-stm32.13.3.rel1.linux64_1.0.0.202410170706/tools/bin/../lib/gcc/arm-none-eabi/13.3.1/../../../../arm-none-eabi/lib/thumb/v7-m/nofp/libc_nano.a(libc_a-nano-svfprintf.o)
                0x0800527c                __ssputs_r
 *fill*         0x08005332        0x2 
 .text._svfprintf_r
                0x08005334      0x1f8 /opt/st/stm32cubeide_1.18.1/plugins/com.st.stm32cube.ide.mcu.externaltools.gnu-tools-for-stm32.13.3.rel1.linux64_1.0.0.202410170706/tools/bin/../lib/gcc/arm-none-eabi/13.3.1/../../../../arm-none-eabi/lib/thumb/v7-m/nofp/libc_nano.a(libc_a-nano-svfprintf.o)
                0x08005334                _svfprintf_r
                0x08005334                _svfiprintf_r
 .text._printf_common
                0x0800552c       0xe4 /opt/st/stm32cubeide_1.18.1/plugins/com.st.stm32cube.ide.mcu.externaltools.gnu-tools-for-stm32.13.3.rel1.linux64_1.0.0.202410170706/tools/bin/../lib/gcc/arm-none-eabi/13.3.1/../../../../arm-none-eabi/lib/thumb/v7-m/nofp/libc_nano.a(libc_a-nano-vfprintf_i.o)
                0x0800552c                _printf_common
 .text._printf_i
                0x08005610      0x23c /opt/st/stm32cubeide_1.18.1/plugins/com.st.stm32cube.ide.mcu.externaltools.gnu-tools-for-stm32.13.3.rel1.linux64_1.0.0.202410170706/tools/bin/../lib/gcc/arm-none-eabi/13.3.1/../../../../arm-none-eabi/lib/thumb/v7-m/nofp/libc_nano.a(libc_a-nano-vfprintf_i.o)
                0x08005610                _printf_i
 .text.memmove  0x0800584c       0x34 /opt/st/stm32cubeide_1.18.1/plugins/com.st.stm32cube.ide.mcu.externaltools.gnu-tools-for-stm32.13.3.rel1.linux64_1.0.0.202410170706/tools/bin/../lib/gcc/arm-none-eabi/13.3.1/../../../../arm-none-eabi/lib/thumb/v7-m/nofp/libc_nano.a(libc_a-memmove.o)
                0x0800584c                memmove
 .text.memchr   0x08005880       0x1c /opt/st/stm32cubeide_1.18.1/plugins/com.st.stm32cube.ide.mcu.externaltools.gnu-tools-for-stm32.13.3.rel1.linux64_1.0.0.202410170706/tools/bin/../lib/gcc/arm-none-eabi/13.3.1/../../../../arm-none-eabi/lib/thumb/v7-m/nofp/libc_nano.a(libc_a-memchr-stub.o)
                0x08005880                memchr
 .text.memcpy   0x0800589c       0x1c /opt/st/stm32cubeide_1.18.1/plugins/com.st.stm32cube.ide.mcu.externaltools.gnu-tools-for-stm32.13.3.rel1.linux64_1.0.0.202410170706/tools/bin/../lib/gcc/arm-none-eabi/13.3.1/../../../../arm-none-eabi/lib/thumb/v7-m/nofp/libc_nano.a(libc_a-memcpy-stub.o)
                0x0800589c                memcpy
 .text._realloc_r
                0x080058b8       0x5c /opt/st/stm32cubeide_1.18.1/plugins/com.st.stm32cube.ide.mcu.externaltools.gnu-tools-for-stm32.13.3.rel1.linux64_1.0.0.202410170706/tools/bin/../lib/gcc/arm-none-eabi/13.3.1/../../../../arm-none-eabi/lib/thumb/v7-m/nofp/libc_nano.a(libc_a-reallocr.o)
                0x080058b8                _realloc_r
 .text._malloc_usable_size_r
                0x08005914       0x10 /opt/st/stm32cubeide_1.18.1/plugins/com.st.stm32cube.ide.mcu.externaltools.gnu-tools-for-stm32.13.3.rel1.linux64_1.0.0.202410170706/tools/bin/../lib/gcc/arm-none-eabi/13.3.1/../../../../arm-none-eabi/lib/thumb/v7-m/nofp/libc_nano.a(libc_a-msizer.o)
                0x08005914                _malloc_usable_size_r
 *(.glue_7)
 .glue_7        0x08005924        0x0 linker stubs
 *(.glue_7t)
 .glue_7t       0x08005924        0x0 linker stubs
 *(.eh_frame)
 .eh_frame      0x08005924        0x0 /opt/st/stm32cubeide_1.18.1/plugins/com.st.stm32cube.ide.mcu.externaltools.gnu-tools-for-stm32.13.3.rel1.linux64_1.0.0.202410170706/tools/bin/../lib/gcc/arm-none-eabi/13.3.1/thumb/v7-m/nofp/crtbegin.o
 *(.init)
 .init          0x08005924        0x4 /opt/st/stm32cubeide_1.18.1/plugins/com.st.stm32cube.ide.mcu.externaltools.gnu-tools-for-stm32.13.3.rel1.linux64_1.0.0.202410170706/tools/bin/../lib/gcc/arm-none-eabi/13.3.1/thumb/v7-m/nofp/crti.o
                0x08005924                _init
 .init          0x08005928        0x8 /opt/st/stm32cubeide_1.18.1/plugins/com.st.stm32cube.ide.mcu.externaltools.gnu-tools-for-stm32.13.3.rel1.linux64_1.0.0.202410170706/tools/bin/../lib/gcc/arm-none-eabi/13.3.1/thumb/v7-m/nofp/crtn.o
 *(.fini)
 .fini          0x08005930        0x4 /opt/st/stm32cubeide_1.18.1/plugins/com.st.stm32cube.ide.mcu.externaltools.gnu-tools-for-stm32.13.3.rel1.linux64_1.0.0.202410170706/tools/bin/../lib/gcc/arm-none-eabi/13.3.1/thumb/v7-m/nofp/crti.o
                0x08005930                _fini
 .fini          0x08005934        0x8 /opt/st/stm32cubeide_1.18.1/plugins/com.st.stm32cube.ide.mcu.externaltools.gnu-tools-for-stm32.13.3.rel1.linux64_1.0.0.202410170706/tools/bin/../lib/gcc/arm-none-eabi/13.3.1/thumb/v7-m/nofp/crtn.o
                0x0800593c                        . = ALIGN (0x4)
                0x0800593c                        _etext = .

.vfp11_veneer   0x0800593c        0x0
 .vfp11_veneer  0x0800593c        0x0 linker stubs

.v4_bx          0x0800593c        0x0
 .v4_bx         0x0800593c        0x0 linker stubs

.iplt           0x0800593c        0x0
 .iplt          0x0800593c        0x0 /opt/st/stm32cubeide_1.18.1/plugins/com.st.stm32cube.ide.mcu.externaltools.gnu-tools-for-stm32.13.3.rel1.linux64_1.0.0.202410170706/tools/bin/../lib/gcc/arm-none-eabi/13.3.1/thumb/v7-m/nofp/crtbegin.o

.rodata         0x0800593c      0x364
                0x0800593c                        . = ALIGN (0x4)
 *(.rodata)
 .rodata        0x0800593c        0x5 ./Core/Src/mainProc.o
 *fill*         0x08005941        0x3 
 .rodata        0x08005944      0x2d4 ./Core/Src/nRF24L01.o
 *(.rodata*)
 .rodata._ZN6daniel8nRF24L017errTypeE
                0x08005c18       0x10 ./Core/Src/nRF24L01.o
                0x08005c18                daniel::nRF24L01::errType
 .rodata._ZN6daniel6nordic3regL6CONFIGE
                0x08005c28        0x1 ./Core/Src/nRF24L01.o
 .rodata._ZN6daniel6nordic3regL5EN_AAE
                0x08005c29        0x1 ./Core/Src/nRF24L01.o
 .rodata._ZN6daniel6nordic3regL9EN_RXADDRE
                0x08005c2a        0x1 ./Core/Src/nRF24L01.o
 .rodata._ZN6daniel6nordic3regL8SETUP_AWE
                0x08005c2b        0x1 ./Core/Src/nRF24L01.o
 .rodata._ZN6daniel6nordic3regL10SETUP_RETRE
                0x08005c2c        0x1 ./Core/Src/nRF24L01.o
 .rodata._ZN6daniel6nordic3regL5RF_CHE
                0x08005c2d        0x1 ./Core/Src/nRF24L01.o
 .rodata._ZN6daniel6nordic3regL8RF_SETUPE
                0x08005c2e        0x1 ./Core/Src/nRF24L01.o
 .rodata._ZN6daniel6nordic3regL9RF_STATUSE
                0x08005c2f        0x1 ./Core/Src/nRF24L01.o
 .rodata._ZN6daniel6nordic3regL8RX_PW_P0E
                0x08005c30        0x1 ./Core/Src/nRF24L01.o
 .rodata._ZN6daniel6nordic3regL8RX_PW_P1E
                0x08005c31        0x1 ./Core/Src/nRF24L01.o
 .rodata._ZN6daniel6nordic3regL8RX_PW_P2E
                0x08005c32        0x1 ./Core/Src/nRF24L01.o
 .rodata._ZN6daniel6nordic3regL8RX_PW_P3E
                0x08005c33        0x1 ./Core/Src/nRF24L01.o
 .rodata._ZN6daniel6nordic3regL8RX_PW_P4E
                0x08005c34        0x1 ./Core/Src/nRF24L01.o
 .rodata._ZN6daniel6nordic3regL8RX_PW_P5E
                0x08005c35        0x1 ./Core/Src/nRF24L01.o
 .rodata._ZN6daniel6nordic3regL11FIFO_STATUSE
                0x08005c36        0x1 ./Core/Src/nRF24L01.o
 .rodata._ZN6daniel6nordic3regL5DYNPDE
                0x08005c37        0x1 ./Core/Src/nRF24L01.o
 .rodata._ZN6daniel6nordic3regL7FEATUREE
                0x08005c38        0x1 ./Core/Src/nRF24L01.o
 .rodata._ZN6daniel6nordic4typeL4READE
                0x08005c39        0x1 ./Core/Src/nRF24L01.o
 .rodata._ZN6daniel6nordic4typeL5WRITEE
                0x08005c3a        0x1 ./Core/Src/nRF24L01.o
 .rodata._ZN6daniel6nordic4typeL2RXE
                0x08005c3b        0x1 ./Core/Src/nRF24L01.o
 .rodata._ZN6daniel6nordic4typeL2TXE
                0x08005c3c        0x1 ./Core/Src/nRF24L01.o
 *fill*         0x08005c3d        0x3 
 .rodata.AHBPrescTable
                0x08005c40       0x10 ./Core/Src/system_stm32f1xx.o
                0x08005c40                AHBPrescTable
 .rodata.APBPrescTable
                0x08005c50        0x8 ./Core/Src/system_stm32f1xx.o
                0x08005c50                APBPrescTable
 .rodata.aPLLMULFactorTable.1
                0x08005c58       0x10 ./Drivers/STM32F1xx_HAL_Driver/Src/stm32f1xx_hal_rcc.o
 .rodata.aPredivFactorTable.0
                0x08005c68        0x2 ./Drivers/STM32F1xx_HAL_Driver/Src/stm32f1xx_hal_rcc.o
 .rodata._ZSt7nothrow
                0x08005c6a        0x1 /opt/st/stm32cubeide_1.18.1/plugins/com.st.stm32cube.ide.mcu.externaltools.gnu-tools-for-stm32.13.3.rel1.linux64_1.0.0.202410170706/tools/bin/../lib/gcc/arm-none-eabi/13.3.1/../../../../arm-none-eabi/lib/thumb/v7-m/nofp/libstdc++_nano.a(new_handler.o)
                0x08005c6a                std::nothrow
 .rodata._svfprintf_r.str1.1
                0x08005c6b       0x33 /opt/st/stm32cubeide_1.18.1/plugins/com.st.stm32cube.ide.mcu.externaltools.gnu-tools-for-stm32.13.3.rel1.linux64_1.0.0.202410170706/tools/bin/../lib/gcc/arm-none-eabi/13.3.1/../../../../arm-none-eabi/lib/thumb/v7-m/nofp/libc_nano.a(libc_a-nano-svfprintf.o)
                                 0x11 (size before relaxing)
 .rodata._printf_i.str1.1
                0x08005c9e       0x22 /opt/st/stm32cubeide_1.18.1/plugins/com.st.stm32cube.ide.mcu.externaltools.gnu-tools-for-stm32.13.3.rel1.linux64_1.0.0.202410170706/tools/bin/../lib/gcc/arm-none-eabi/13.3.1/../../../../arm-none-eabi/lib/thumb/v7-m/nofp/libc_nano.a(libc_a-nano-vfprintf_i.o)
                0x08005cc0                        . = ALIGN (0x4)
 *fill*         0x08005c9e        0x2 

.ARM.extab      0x08005ca0        0x0
                0x08005ca0                        . = ALIGN (0x4)
 *(.ARM.extab* .gnu.linkonce.armextab.*)
                0x08005ca0                        . = ALIGN (0x4)

.ARM            0x08005ca0        0x8
                0x08005ca0                        . = ALIGN (0x4)
                0x08005ca0                        __exidx_start = .
 *(.ARM.exidx*)
 .ARM.exidx     0x08005ca0        0x8 /opt/st/stm32cubeide_1.18.1/plugins/com.st.stm32cube.ide.mcu.externaltools.gnu-tools-for-stm32.13.3.rel1.linux64_1.0.0.202410170706/tools/bin/../lib/gcc/arm-none-eabi/13.3.1/../../../../arm-none-eabi/lib/thumb/v7-m/nofp/libc_nano.a(libc_a-strlen.o)
                0x08005ca8                        __exidx_end = .
                0x08005ca8                        . = ALIGN (0x4)

.preinit_array  0x08005ca8        0x0
                0x08005ca8                        . = ALIGN (0x4)
                0x08005ca8                        PROVIDE (__preinit_array_start = .)
 *(.preinit_array*)
                0x08005ca8                        PROVIDE (__preinit_array_end = .)
                0x08005ca8                        . = ALIGN (0x4)

.init_array     0x08005ca8        0x8
                0x08005ca8                        . = ALIGN (0x4)
                0x08005ca8                        PROVIDE (__init_array_start = .)
 *(SORT_BY_NAME(.init_array.*))
 *(.init_array*)
 .init_array    0x08005ca8        0x4 /opt/st/stm32cubeide_1.18.1/plugins/com.st.stm32cube.ide.mcu.externaltools.gnu-tools-for-stm32.13.3.rel1.linux64_1.0.0.202410170706/tools/bin/../lib/gcc/arm-none-eabi/13.3.1/thumb/v7-m/nofp/crtbegin.o
 .init_array    0x08005cac        0x4 ./Core/Src/mainProc.o
                0x08005cb0                        PROVIDE (__init_array_end = .)
                0x08005cb0                        . = ALIGN (0x4)

.fini_array     0x08005cb0        0x8
                0x08005cb0                        . = ALIGN (0x4)
                [!provide]                        PROVIDE (__fini_array_start = .)
 *(SORT_BY_NAME(.fini_array.*))
 *(.fini_array*)
 .fini_array    0x08005cb0        0x4 /opt/st/stm32cubeide_1.18.1/plugins/com.st.stm32cube.ide.mcu.externaltools.gnu-tools-for-stm32.13.3.rel1.linux64_1.0.0.202410170706/tools/bin/../lib/gcc/arm-none-eabi/13.3.1/thumb/v7-m/nofp/crtbegin.o
 .fini_array    0x08005cb4        0x4 ./Core/Src/mainProc.o
                [!provide]                        PROVIDE (__fini_array_end = .)
                0x08005cb8                        . = ALIGN (0x4)
                0x08005cb8                        _sidata = LOADADDR (.data)

.rel.dyn        0x08005cb8        0x0
 .rel.iplt      0x08005cb8        0x0 /opt/st/stm32cubeide_1.18.1/plugins/com.st.stm32cube.ide.mcu.externaltools.gnu-tools-for-stm32.13.3.rel1.linux64_1.0.0.202410170706/tools/bin/../lib/gcc/arm-none-eabi/13.3.1/thumb/v7-m/nofp/crtbegin.o

.data           0x20000000       0x60 load address 0x08005cb8
                0x20000000                        . = ALIGN (0x4)
                0x20000000                        _sdata = .
 *(.data)
 *(.data*)
 .data._ZN6daniel8nRF24L018IRQ_PortE
                0x20000000        0x4 ./Core/Src/nRF24L01.o
                0x20000000                daniel::nRF24L01::IRQ_Port
 .data.SystemCoreClock
                0x20000004        0x4 ./Core/Src/system_stm32f1xx.o
                0x20000004                SystemCoreClock
 .data.uwTickPrio
                0x20000008        0x4 ./Drivers/STM32F1xx_HAL_Driver/Src/stm32f1xx_hal.o
                0x20000008                uwTickPrio
 .data.uwTickFreq
                0x2000000c        0x1 ./Drivers/STM32F1xx_HAL_Driver/Src/stm32f1xx_hal.o
                0x2000000c                uwTickFreq
 *fill*         0x2000000d        0x3 
 .data._impure_ptr
                0x20000010        0x4 /opt/st/stm32cubeide_1.18.1/plugins/com.st.stm32cube.ide.mcu.externaltools.gnu-tools-for-stm32.13.3.rel1.linux64_1.0.0.202410170706/tools/bin/../lib/gcc/arm-none-eabi/13.3.1/../../../../arm-none-eabi/lib/thumb/v7-m/nofp/libc_nano.a(libc_a-impure.o)
                0x20000010                _impure_ptr
 .data._impure_data
                0x20000014       0x4c /opt/st/stm32cubeide_1.18.1/plugins/com.st.stm32cube.ide.mcu.externaltools.gnu-tools-for-stm32.13.3.rel1.linux64_1.0.0.202410170706/tools/bin/../lib/gcc/arm-none-eabi/13.3.1/../../../../arm-none-eabi/lib/thumb/v7-m/nofp/libc_nano.a(libc_a-impure.o)
                0x20000014                _impure_data
 *(.RamFunc)
 *(.RamFunc*)
                0x20000060                        . = ALIGN (0x4)
                0x20000060                        _edata = .

.igot.plt       0x20000060        0x0 load address 0x08005d18
 .igot.plt      0x20000060        0x0 /opt/st/stm32cubeide_1.18.1/plugins/com.st.stm32cube.ide.mcu.externaltools.gnu-tools-for-stm32.13.3.rel1.linux64_1.0.0.202410170706/tools/bin/../lib/gcc/arm-none-eabi/13.3.1/thumb/v7-m/nofp/crtbegin.o
                0x20000060                        . = ALIGN (0x4)

.bss            0x20000060      0xb30 load address 0x08005d18
                0x20000060                        _sbss = .
                0x20000060                        __bss_start__ = _sbss
 *(.bss)
 .bss           0x20000060       0x1c /opt/st/stm32cubeide_1.18.1/plugins/com.st.stm32cube.ide.mcu.externaltools.gnu-tools-for-stm32.13.3.rel1.linux64_1.0.0.202410170706/tools/bin/../lib/gcc/arm-none-eabi/13.3.1/thumb/v7-m/nofp/crtbegin.o
 *(.bss*)
 .bss.hspi1     0x2000007c       0x58 ./Core/Src/main.o
                0x2000007c                hspi1
 .bss.htim6     0x200000d4       0x48 ./Core/Src/main.o
                0x200000d4                htim6
 .bss.huart1    0x2000011c       0x48 ./Core/Src/main.o
                0x2000011c                huart1
 .bss.huart3    0x20000164       0x48 ./Core/Src/main.o
                0x20000164                huart3
 .bss.uart      0x200001ac       0x14 ./Core/Src/mainProc.o
                0x200001ac                uart
 .bss.rf        0x200001c0       0x30 ./Core/Src/mainProc.o
                0x200001c0                rf
 .bss.rfMode    0x200001f0        0x1 ./Core/Src/mainProc.o
                0x200001f0                rfMode
 .bss._ZL9oneSecIrq
                0x200001f1        0x1 ./Core/Src/mainProc.o
 .bss._ZZ6TimIrqE7upCount
                0x200001f2        0x2 ./Core/Src/mainProc.o
 .bss._ZZNK6daniel8nRF24L013LogEPKczE5szBuf
                0x200001f4      0x400 ./Core/Src/nRF24L01.o
 .bss.htim7     0x200005f4       0x48 ./Core/Src/stm32f1xx_hal_timebase_tim.o
                0x200005f4                htim7
 .bss.__sbrk_heap_end
                0x2000063c        0x4 ./Core/Src/sysmem.o
 .bss._ZZNK6daniel5USART11SendMessageEPKczE5szBuf
                0x20000640      0x400 ./Core/Src/usart.o
 .bss.uwTick    0x20000a40        0x4 ./Drivers/STM32F1xx_HAL_Driver/Src/stm32f1xx_hal.o
                0x20000a40                uwTick
 .bss._ZN12_GLOBAL__N_113__new_handlerE
                0x20000a44        0x4 /opt/st/stm32cubeide_1.18.1/plugins/com.st.stm32cube.ide.mcu.externaltools.gnu-tools-for-stm32.13.3.rel1.linux64_1.0.0.202410170706/tools/bin/../lib/gcc/arm-none-eabi/13.3.1/../../../../arm-none-eabi/lib/thumb/v7-m/nofp/libstdc++_nano.a(new_handler.o)
 .bss.__malloc_sbrk_start
                0x20000a48        0x4 /opt/st/stm32cubeide_1.18.1/plugins/com.st.stm32cube.ide.mcu.externaltools.gnu-tools-for-stm32.13.3.rel1.linux64_1.0.0.202410170706/tools/bin/../lib/gcc/arm-none-eabi/13.3.1/../../../../arm-none-eabi/lib/thumb/v7-m/nofp/libc_nano.a(libc_a-mallocr.o)
                0x20000a48                __malloc_sbrk_start
 .bss.__malloc_free_list
                0x20000a4c        0x4 /opt/st/stm32cubeide_1.18.1/plugins/com.st.stm32cube.ide.mcu.externaltools.gnu-tools-for-stm32.13.3.rel1.linux64_1.0.0.202410170706/tools/bin/../lib/gcc/arm-none-eabi/13.3.1/../../../../arm-none-eabi/lib/thumb/v7-m/nofp/libc_nano.a(libc_a-mallocr.o)
                0x20000a4c                __malloc_free_list
 .bss.__sf      0x20000a50      0x138 /opt/st/stm32cubeide_1.18.1/plugins/com.st.stm32cube.ide.mcu.externaltools.gnu-tools-for-stm32.13.3.rel1.linux64_1.0.0.202410170706/tools/bin/../lib/gcc/arm-none-eabi/13.3.1/../../../../arm-none-eabi/lib/thumb/v7-m/nofp/libc_nano.a(libc_a-findfp.o)
                0x20000a50                __sf
 .bss.errno     0x20000b88        0x4 /opt/st/stm32cubeide_1.18.1/plugins/com.st.stm32cube.ide.mcu.externaltools.gnu-tools-for-stm32.13.3.rel1.linux64_1.0.0.202410170706/tools/bin/../lib/gcc/arm-none-eabi/13.3.1/../../../../arm-none-eabi/lib/thumb/v7-m/nofp/libc_nano.a(libc_a-reent.o)
                0x20000b88                errno
 .bss.__lock___malloc_recursive_mutex
                0x20000b8c        0x1 /opt/st/stm32cubeide_1.18.1/plugins/com.st.stm32cube.ide.mcu.externaltools.gnu-tools-for-stm32.13.3.rel1.linux64_1.0.0.202410170706/tools/bin/../lib/gcc/arm-none-eabi/13.3.1/../../../../arm-none-eabi/lib/thumb/v7-m/nofp/libc_nano.a(libc_a-lock.o)
                0x20000b8c                __lock___malloc_recursive_mutex
 *(COMMON)
                0x20000b90                        . = ALIGN (0x4)
 *fill*         0x20000b8d        0x3 
                0x20000b90                        _ebss = .
                0x20000b90                        __bss_end__ = _ebss

._user_heap_stack
                0x20000b90      0x600 load address 0x08005d18
                0x20000b90                        . = ALIGN (0x8)
                [!provide]                        PROVIDE (end = .)
                0x20000b90                        PROVIDE (_end = .)
                0x20000d90                        . = (. + _Min_Heap_Size)
 *fill*         0x20000b90      0x200 
                0x20001190                        . = (. + _Min_Stack_Size)
 *fill*         0x20000d90      0x400 
                0x20001190                        . = ALIGN (0x8)

/DISCARD/
 libc.a(*)
 libm.a(*)
 libgcc.a(*)

.ARM.attributes
                0x00000000       0x29
 *(.ARM.attributes)
 .ARM.attributes
                0x00000000       0x1d /opt/st/stm32cubeide_1.18.1/plugins/com.st.stm32cube.ide.mcu.externaltools.gnu-tools-for-stm32.13.3.rel1.linux64_1.0.0.202410170706/tools/bin/../lib/gcc/arm-none-eabi/13.3.1/thumb/v7-m/nofp/crti.o
 .ARM.attributes
                0x0000001d       0x2d /opt/st/stm32cubeide_1.18.1/plugins/com.st.stm32cube.ide.mcu.externaltools.gnu-tools-for-stm32.13.3.rel1.linux64_1.0.0.202410170706/tools/bin/../lib/gcc/arm-none-eabi/13.3.1/thumb/v7-m/nofp/crtbegin.o
 .ARM.attributes
                0x0000004a       0x2d ./Core/Src/main.o
 .ARM.attributes
                0x00000077       0x2d ./Core/Src/mainProc.o
 .ARM.attributes
                0x000000a4       0x2d ./Core/Src/nRF24L01.o
 .ARM.attributes
                0x000000d1       0x2d ./Core/Src/ringbuffer.o
 .ARM.attributes
                0x000000fe       0x2d ./Core/Src/stm32f1xx_hal_msp.o
 .ARM.attributes
                0x0000012b       0x2d ./Core/Src/stm32f1xx_hal_timebase_tim.o
 .ARM.attributes
                0x00000158       0x2d ./Core/Src/stm32f1xx_it.o
 .ARM.attributes
                0x00000185       0x2d ./Core/Src/syscalls.o
 .ARM.attributes
                0x000001b2       0x2d ./Core/Src/sysmem.o
 .ARM.attributes
                0x000001df       0x2d ./Core/Src/system_stm32f1xx.o
 .ARM.attributes
                0x0000020c       0x2d ./Core/Src/usart.o
 .ARM.attributes
                0x00000239       0x21 ./Core/Startup/startup_stm32f103rctx.o
 .ARM.attributes
                0x0000025a       0x2d ./Drivers/STM32F1xx_HAL_Driver/Src/stm32f1xx_hal.o
 .ARM.attributes
                0x00000287       0x2d ./Drivers/STM32F1xx_HAL_Driver/Src/stm32f1xx_hal_cortex.o
 .ARM.attributes
                0x000002b4       0x2d ./Drivers/STM32F1xx_HAL_Driver/Src/stm32f1xx_hal_dma.o
 .ARM.attributes
                0x000002e1       0x2d ./Drivers/STM32F1xx_HAL_Driver/Src/stm32f1xx_hal_gpio.o
 .ARM.attributes
                0x0000030e       0x2d ./Drivers/STM32F1xx_HAL_Driver/Src/stm32f1xx_hal_rcc.o
 .ARM.attributes
                0x0000033b       0x2d ./Drivers/STM32F1xx_HAL_Driver/Src/stm32f1xx_hal_spi.o
 .ARM.attributes
                0x00000368       0x2d ./Drivers/STM32F1xx_HAL_Driver/Src/stm32f1xx_hal_tim.o
 .ARM.attributes
                0x00000395       0x2d ./Drivers/STM32F1xx_HAL_Driver/Src/stm32f1xx_hal_tim_ex.o
 .ARM.attributes
                0x000003c2       0x2d ./Drivers/STM32F1xx_HAL_Driver/Src/stm32f1xx_hal_uart.o
 .ARM.attributes
                0x000003ef       0x2d /opt/st/stm32cubeide_1.18.1/plugins/com.st.stm32cube.ide.mcu.externaltools.gnu-tools-for-stm32.13.3.rel1.linux64_1.0.0.202410170706/tools/bin/../lib/gcc/arm-none-eabi/13.3.1/../../../../arm-none-eabi/lib/thumb/v7-m/nofp/libstdc++_nano.a(del_opv.o)
 .ARM.attributes
                0x0000041c       0x2d /opt/st/stm32cubeide_1.18.1/plugins/com.st.stm32cube.ide.mcu.externaltools.gnu-tools-for-stm32.13.3.rel1.linux64_1.0.0.202410170706/tools/bin/../lib/gcc/arm-none-eabi/13.3.1/../../../../arm-none-eabi/lib/thumb/v7-m/nofp/libstdc++_nano.a(new_handler.o)
 .ARM.attributes
                0x00000449       0x2d /opt/st/stm32cubeide_1.18.1/plugins/com.st.stm32cube.ide.mcu.externaltools.gnu-tools-for-stm32.13.3.rel1.linux64_1.0.0.202410170706/tools/bin/../lib/gcc/arm-none-eabi/13.3.1/../../../../arm-none-eabi/lib/thumb/v7-m/nofp/libstdc++_nano.a(new_opvnt.o)
 .ARM.attributes
                0x00000476       0x2d /opt/st/stm32cubeide_1.18.1/plugins/com.st.stm32cube.ide.mcu.externaltools.gnu-tools-for-stm32.13.3.rel1.linux64_1.0.0.202410170706/tools/bin/../lib/gcc/arm-none-eabi/13.3.1/../../../../arm-none-eabi/lib/thumb/v7-m/nofp/libstdc++_nano.a(del_op.o)
 .ARM.attributes
                0x000004a3       0x2d /opt/st/stm32cubeide_1.18.1/plugins/com.st.stm32cube.ide.mcu.externaltools.gnu-tools-for-stm32.13.3.rel1.linux64_1.0.0.202410170706/tools/bin/../lib/gcc/arm-none-eabi/13.3.1/../../../../arm-none-eabi/lib/thumb/v7-m/nofp/libstdc++_nano.a(new_opv.o)
 .ARM.attributes
                0x000004d0       0x2d /opt/st/stm32cubeide_1.18.1/plugins/com.st.stm32cube.ide.mcu.externaltools.gnu-tools-for-stm32.13.3.rel1.linux64_1.0.0.202410170706/tools/bin/../lib/gcc/arm-none-eabi/13.3.1/../../../../arm-none-eabi/lib/thumb/v7-m/nofp/libstdc++_nano.a(new_op.o)
 .ARM.attributes
                0x000004fd       0x2d /opt/st/stm32cubeide_1.18.1/plugins/com.st.stm32cube.ide.mcu.externaltools.gnu-tools-for-stm32.13.3.rel1.linux64_1.0.0.202410170706/tools/bin/../lib/gcc/arm-none-eabi/13.3.1/../../../../arm-none-eabi/lib/thumb/v7-m/nofp/libc_nano.a(libc_a-abort.o)
 .ARM.attributes
                0x0000052a       0x2d /opt/st/stm32cubeide_1.18.1/plugins/com.st.stm32cube.ide.mcu.externaltools.gnu-tools-for-stm32.13.3.rel1.linux64_1.0.0.202410170706/tools/bin/../lib/gcc/arm-none-eabi/13.3.1/../../../../arm-none-eabi/lib/thumb/v7-m/nofp/libc_nano.a(libc_a-malloc.o)
 .ARM.attributes
                0x00000557       0x2d /opt/st/stm32cubeide_1.18.1/plugins/com.st.stm32cube.ide.mcu.externaltools.gnu-tools-for-stm32.13.3.rel1.linux64_1.0.0.202410170706/tools/bin/../lib/gcc/arm-none-eabi/13.3.1/../../../../arm-none-eabi/lib/thumb/v7-m/nofp/libc_nano.a(libc_a-mallocr.o)
 .ARM.attributes
                0x00000584       0x2d /opt/st/stm32cubeide_1.18.1/plugins/com.st.stm32cube.ide.mcu.externaltools.gnu-tools-for-stm32.13.3.rel1.linux64_1.0.0.202410170706/tools/bin/../lib/gcc/arm-none-eabi/13.3.1/../../../../arm-none-eabi/lib/thumb/v7-m/nofp/libc_nano.a(libc_a-mlock.o)
 .ARM.attributes
                0x000005b1       0x2d /opt/st/stm32cubeide_1.18.1/plugins/com.st.stm32cube.ide.mcu.externaltools.gnu-tools-for-stm32.13.3.rel1.linux64_1.0.0.202410170706/tools/bin/../lib/gcc/arm-none-eabi/13.3.1/../../../../arm-none-eabi/lib/thumb/v7-m/nofp/libc_nano.a(libc_a-findfp.o)
 .ARM.attributes
                0x000005de       0x2d /opt/st/stm32cubeide_1.18.1/plugins/com.st.stm32cube.ide.mcu.externaltools.gnu-tools-for-stm32.13.3.rel1.linux64_1.0.0.202410170706/tools/bin/../lib/gcc/arm-none-eabi/13.3.1/../../../../arm-none-eabi/lib/thumb/v7-m/nofp/libc_nano.a(libc_a-vsprintf.o)
 .ARM.attributes
                0x0000060b       0x2d /opt/st/stm32cubeide_1.18.1/plugins/com.st.stm32cube.ide.mcu.externaltools.gnu-tools-for-stm32.13.3.rel1.linux64_1.0.0.202410170706/tools/bin/../lib/gcc/arm-none-eabi/13.3.1/../../../../arm-none-eabi/lib/thumb/v7-m/nofp/libc_nano.a(libc_a-memset.o)
 .ARM.attributes
                0x00000638       0x2d /opt/st/stm32cubeide_1.18.1/plugins/com.st.stm32cube.ide.mcu.externaltools.gnu-tools-for-stm32.13.3.rel1.linux64_1.0.0.202410170706/tools/bin/../lib/gcc/arm-none-eabi/13.3.1/../../../../arm-none-eabi/lib/thumb/v7-m/nofp/libc_nano.a(libc_a-signal.o)
 .ARM.attributes
                0x00000665       0x2d /opt/st/stm32cubeide_1.18.1/plugins/com.st.stm32cube.ide.mcu.externaltools.gnu-tools-for-stm32.13.3.rel1.linux64_1.0.0.202410170706/tools/bin/../lib/gcc/arm-none-eabi/13.3.1/../../../../arm-none-eabi/lib/thumb/v7-m/nofp/libc_nano.a(libc_a-reent.o)
 .ARM.attributes
                0x00000692       0x2d /opt/st/stm32cubeide_1.18.1/plugins/com.st.stm32cube.ide.mcu.externaltools.gnu-tools-for-stm32.13.3.rel1.linux64_1.0.0.202410170706/tools/bin/../lib/gcc/arm-none-eabi/13.3.1/../../../../arm-none-eabi/lib/thumb/v7-m/nofp/libc_nano.a(libc_a-impure.o)
 .ARM.attributes
                0x000006bf       0x2d /opt/st/stm32cubeide_1.18.1/plugins/com.st.stm32cube.ide.mcu.externaltools.gnu-tools-for-stm32.13.3.rel1.linux64_1.0.0.202410170706/tools/bin/../lib/gcc/arm-none-eabi/13.3.1/../../../../arm-none-eabi/lib/thumb/v7-m/nofp/libc_nano.a(libc_a-signalr.o)
 .ARM.attributes
                0x000006ec       0x2d /opt/st/stm32cubeide_1.18.1/plugins/com.st.stm32cube.ide.mcu.externaltools.gnu-tools-for-stm32.13.3.rel1.linux64_1.0.0.202410170706/tools/bin/../lib/gcc/arm-none-eabi/13.3.1/../../../../arm-none-eabi/lib/thumb/v7-m/nofp/libc_nano.a(libc_a-sbrkr.o)
 .ARM.attributes
                0x00000719       0x2d /opt/st/stm32cubeide_1.18.1/plugins/com.st.stm32cube.ide.mcu.externaltools.gnu-tools-for-stm32.13.3.rel1.linux64_1.0.0.202410170706/tools/bin/../lib/gcc/arm-none-eabi/13.3.1/../../../../arm-none-eabi/lib/thumb/v7-m/nofp/libc_nano.a(libc_a-errno.o)
 .ARM.attributes
                0x00000746       0x2d /opt/st/stm32cubeide_1.18.1/plugins/com.st.stm32cube.ide.mcu.externaltools.gnu-tools-for-stm32.13.3.rel1.linux64_1.0.0.202410170706/tools/bin/../lib/gcc/arm-none-eabi/13.3.1/../../../../arm-none-eabi/lib/thumb/v7-m/nofp/libc_nano.a(libc_a-init.o)
 .ARM.attributes
                0x00000773       0x2d /opt/st/stm32cubeide_1.18.1/plugins/com.st.stm32cube.ide.mcu.externaltools.gnu-tools-for-stm32.13.3.rel1.linux64_1.0.0.202410170706/tools/bin/../lib/gcc/arm-none-eabi/13.3.1/../../../../arm-none-eabi/lib/thumb/v7-m/nofp/libc_nano.a(libc_a-lock.o)
 .ARM.attributes
                0x000007a0       0x17 /opt/st/stm32cubeide_1.18.1/plugins/com.st.stm32cube.ide.mcu.externaltools.gnu-tools-for-stm32.13.3.rel1.linux64_1.0.0.202410170706/tools/bin/../lib/gcc/arm-none-eabi/13.3.1/../../../../arm-none-eabi/lib/thumb/v7-m/nofp/libc_nano.a(libc_a-strlen.o)
 .ARM.attributes
                0x000007b7       0x2d /opt/st/stm32cubeide_1.18.1/plugins/com.st.stm32cube.ide.mcu.externaltools.gnu-tools-for-stm32.13.3.rel1.linux64_1.0.0.202410170706/tools/bin/../lib/gcc/arm-none-eabi/13.3.1/../../../../arm-none-eabi/lib/thumb/v7-m/nofp/libc_nano.a(libc_a-freer.o)
 .ARM.attributes
                0x000007e4       0x2d /opt/st/stm32cubeide_1.18.1/plugins/com.st.stm32cube.ide.mcu.externaltools.gnu-tools-for-stm32.13.3.rel1.linux64_1.0.0.202410170706/tools/bin/../lib/gcc/arm-none-eabi/13.3.1/../../../../arm-none-eabi/lib/thumb/v7-m/nofp/libc_nano.a(libc_a-nano-svfprintf.o)
 .ARM.attributes
                0x00000811       0x2d /opt/st/stm32cubeide_1.18.1/plugins/com.st.stm32cube.ide.mcu.externaltools.gnu-tools-for-stm32.13.3.rel1.linux64_1.0.0.202410170706/tools/bin/../lib/gcc/arm-none-eabi/13.3.1/../../../../arm-none-eabi/lib/thumb/v7-m/nofp/libc_nano.a(libc_a-nano-vfprintf_i.o)
 .ARM.attributes
                0x0000083e       0x2d /opt/st/stm32cubeide_1.18.1/plugins/com.st.stm32cube.ide.mcu.externaltools.gnu-tools-for-stm32.13.3.rel1.linux64_1.0.0.202410170706/tools/bin/../lib/gcc/arm-none-eabi/13.3.1/../../../../arm-none-eabi/lib/thumb/v7-m/nofp/libc_nano.a(libc_a-memmove.o)
 .ARM.attributes
                0x0000086b       0x2d /opt/st/stm32cubeide_1.18.1/plugins/com.st.stm32cube.ide.mcu.externaltools.gnu-tools-for-stm32.13.3.rel1.linux64_1.0.0.202410170706/tools/bin/../lib/gcc/arm-none-eabi/13.3.1/../../../../arm-none-eabi/lib/thumb/v7-m/nofp/libc_nano.a(libc_a-memchr-stub.o)
 .ARM.attributes
                0x00000898       0x2d /opt/st/stm32cubeide_1.18.1/plugins/com.st.stm32cube.ide.mcu.externaltools.gnu-tools-for-stm32.13.3.rel1.linux64_1.0.0.202410170706/tools/bin/../lib/gcc/arm-none-eabi/13.3.1/../../../../arm-none-eabi/lib/thumb/v7-m/nofp/libc_nano.a(libc_a-memcpy-stub.o)
 .ARM.attributes
                0x000008c5       0x2d /opt/st/stm32cubeide_1.18.1/plugins/com.st.stm32cube.ide.mcu.externaltools.gnu-tools-for-stm32.13.3.rel1.linux64_1.0.0.202410170706/tools/bin/../lib/gcc/arm-none-eabi/13.3.1/../../../../arm-none-eabi/lib/thumb/v7-m/nofp/libc_nano.a(libc_a-reallocr.o)
 .ARM.attributes
                0x000008f2       0x2d /opt/st/stm32cubeide_1.18.1/plugins/com.st.stm32cube.ide.mcu.externaltools.gnu-tools-for-stm32.13.3.rel1.linux64_1.0.0.202410170706/tools/bin/../lib/gcc/arm-none-eabi/13.3.1/../../../../arm-none-eabi/lib/thumb/v7-m/nofp/libc_nano.a(libc_a-msizer.o)
 .ARM.attributes
                0x0000091f       0x1d /opt/st/stm32cubeide_1.18.1/plugins/com.st.stm32cube.ide.mcu.externaltools.gnu-tools-for-stm32.13.3.rel1.linux64_1.0.0.202410170706/tools/bin/../lib/gcc/arm-none-eabi/13.3.1/thumb/v7-m/nofp/crtn.o
OUTPUT(nRF24L01DevKit.elf elf32-littlearm)
LOAD linker stubs
LOAD /opt/st/stm32cubeide_1.18.1/plugins/com.st.stm32cube.ide.mcu.externaltools.gnu-tools-for-stm32.13.3.rel1.linux64_1.0.0.202410170706/tools/bin/../lib/gcc/arm-none-eabi/13.3.1/../../../../arm-none-eabi/lib/thumb/v7-m/nofp/libc.a
LOAD /opt/st/stm32cubeide_1.18.1/plugins/com.st.stm32cube.ide.mcu.externaltools.gnu-tools-for-stm32.13.3.rel1.linux64_1.0.0.202410170706/tools/bin/../lib/gcc/arm-none-eabi/13.3.1/../../../../arm-none-eabi/lib/thumb/v7-m/nofp/libm.a
LOAD /opt/st/stm32cubeide_1.18.1/plugins/com.st.stm32cube.ide.mcu.externaltools.gnu-tools-for-stm32.13.3.rel1.linux64_1.0.0.202410170706/tools/bin/../lib/gcc/arm-none-eabi/13.3.1/thumb/v7-m/nofp/libgcc.a

.debug_info     0x00000000    0x1335a
 .debug_info    0x00000000     0x12a2 ./Core/Src/main.o
 .debug_info    0x000012a2     0x15c4 ./Core/Src/mainProc.o
 .debug_info    0x00002866     0x1cb2 ./Core/Src/nRF24L01.o
 .debug_info    0x00004518      0x6e8 ./Core/Src/ringbuffer.o
 .debug_info    0x00004c00     0x10a6 ./Core/Src/stm32f1xx_hal_msp.o
 .debug_info    0x00005ca6      0xa0e ./Core/Src/stm32f1xx_hal_timebase_tim.o
 .debug_info    0x000066b4      0xc3c ./Core/Src/stm32f1xx_it.o
 .debug_info    0x000072f0      0x6a3 ./Core/Src/syscalls.o
 .debug_info    0x00007993      0x168 ./Core/Src/sysmem.o
 .debug_info    0x00007afb      0x222 ./Core/Src/system_stm32f1xx.o
 .debug_info    0x00007d1d      0xe4a ./Core/Src/usart.o
 .debug_info    0x00008b67       0x30 ./Core/Startup/startup_stm32f103rctx.o
 .debug_info    0x00008b97      0x76a ./Drivers/STM32F1xx_HAL_Driver/Src/stm32f1xx_hal.o
 .debug_info    0x00009301      0xaed ./Drivers/STM32F1xx_HAL_Driver/Src/stm32f1xx_hal_cortex.o
 .debug_info    0x00009dee      0x6d2 ./Drivers/STM32F1xx_HAL_Driver/Src/stm32f1xx_hal_dma.o
 .debug_info    0x0000a4c0      0x5ab ./Drivers/STM32F1xx_HAL_Driver/Src/stm32f1xx_hal_gpio.o
 .debug_info    0x0000aa6b      0x7d5 ./Drivers/STM32F1xx_HAL_Driver/Src/stm32f1xx_hal_rcc.o
 .debug_info    0x0000b240     0x1439 ./Drivers/STM32F1xx_HAL_Driver/Src/stm32f1xx_hal_spi.o
 .debug_info    0x0000c679     0x2959 ./Drivers/STM32F1xx_HAL_Driver/Src/stm32f1xx_hal_tim.o
 .debug_info    0x0000efd2     0x149b ./Drivers/STM32F1xx_HAL_Driver/Src/stm32f1xx_hal_tim_ex.o
 .debug_info    0x0001046d     0x2eed ./Drivers/STM32F1xx_HAL_Driver/Src/stm32f1xx_hal_uart.o

.debug_abbrev   0x00000000     0x3237
 .debug_abbrev  0x00000000      0x32e ./Core/Src/main.o
 .debug_abbrev  0x0000032e      0x43c ./Core/Src/mainProc.o
 .debug_abbrev  0x0000076a      0x51c ./Core/Src/nRF24L01.o
 .debug_abbrev  0x00000c86      0x2b0 ./Core/Src/ringbuffer.o
 .debug_abbrev  0x00000f36      0x223 ./Core/Src/stm32f1xx_hal_msp.o
 .debug_abbrev  0x00001159      0x1f3 ./Core/Src/stm32f1xx_hal_timebase_tim.o
 .debug_abbrev  0x0000134c      0x1c8 ./Core/Src/stm32f1xx_it.o
 .debug_abbrev  0x00001514      0x1b6 ./Core/Src/syscalls.o
 .debug_abbrev  0x000016ca       0xbc ./Core/Src/sysmem.o
 .debug_abbrev  0x00001786      0x13f ./Core/Src/system_stm32f1xx.o
 .debug_abbrev  0x000018c5      0x362 ./Core/Src/usart.o
 .debug_abbrev  0x00001c27       0x24 ./Core/Startup/startup_stm32f103rctx.o
 .debug_abbrev  0x00001c4b      0x201 ./Drivers/STM32F1xx_HAL_Driver/Src/stm32f1xx_hal.o
 .debug_abbrev  0x00001e4c      0x2f8 ./Drivers/STM32F1xx_HAL_Driver/Src/stm32f1xx_hal_cortex.o
 .debug_abbrev  0x00002144      0x20b ./Drivers/STM32F1xx_HAL_Driver/Src/stm32f1xx_hal_dma.o
 .debug_abbrev  0x0000234f      0x1ca ./Drivers/STM32F1xx_HAL_Driver/Src/stm32f1xx_hal_gpio.o
 .debug_abbrev  0x00002519      0x2b3 ./Drivers/STM32F1xx_HAL_Driver/Src/stm32f1xx_hal_rcc.o
 .debug_abbrev  0x000027cc      0x27a ./Drivers/STM32F1xx_HAL_Driver/Src/stm32f1xx_hal_spi.o
 .debug_abbrev  0x00002a46      0x277 ./Drivers/STM32F1xx_HAL_Driver/Src/stm32f1xx_hal_tim.o
 .debug_abbrev  0x00002cbd      0x282 ./Drivers/STM32F1xx_HAL_Driver/Src/stm32f1xx_hal_tim_ex.o
 .debug_abbrev  0x00002f3f      0x2f8 ./Drivers/STM32F1xx_HAL_Driver/Src/stm32f1xx_hal_uart.o

.debug_aranges  0x00000000     0x1108
 .debug_aranges
                0x00000000       0x68 ./Core/Src/main.o
 .debug_aranges
                0x00000068       0x68 ./Core/Src/mainProc.o
 .debug_aranges
                0x000000d0       0xc8 ./Core/Src/nRF24L01.o
 .debug_aranges
                0x00000198       0x90 ./Core/Src/ringbuffer.o
 .debug_aranges
                0x00000228       0x50 ./Core/Src/stm32f1xx_hal_msp.o
 .debug_aranges
                0x00000278       0x30 ./Core/Src/stm32f1xx_hal_timebase_tim.o
 .debug_aranges
                0x000002a8       0x88 ./Core/Src/stm32f1xx_it.o
 .debug_aranges
                0x00000330       0xa8 ./Core/Src/syscalls.o
 .debug_aranges
                0x000003d8       0x20 ./Core/Src/sysmem.o
 .debug_aranges
                0x000003f8       0x28 ./Core/Src/system_stm32f1xx.o
 .debug_aranges
                0x00000420       0x68 ./Core/Src/usart.o
 .debug_aranges
                0x00000488       0x28 ./Core/Startup/startup_stm32f103rctx.o
 .debug_aranges
                0x000004b0       0xe0 ./Drivers/STM32F1xx_HAL_Driver/Src/stm32f1xx_hal.o
 .debug_aranges
                0x00000590      0x100 ./Drivers/STM32F1xx_HAL_Driver/Src/stm32f1xx_hal_cortex.o
 .debug_aranges
                0x00000690       0x80 ./Drivers/STM32F1xx_HAL_Driver/Src/stm32f1xx_hal_dma.o
 .debug_aranges
                0x00000710       0x58 ./Drivers/STM32F1xx_HAL_Driver/Src/stm32f1xx_hal_gpio.o
 .debug_aranges
                0x00000768       0x90 ./Drivers/STM32F1xx_HAL_Driver/Src/stm32f1xx_hal_rcc.o
 .debug_aranges
                0x000007f8      0x1d0 ./Drivers/STM32F1xx_HAL_Driver/Src/stm32f1xx_hal_spi.o
 .debug_aranges
                0x000009c8      0x3d0 ./Drivers/STM32F1xx_HAL_Driver/Src/stm32f1xx_hal_tim.o
 .debug_aranges
                0x00000d98      0x168 ./Drivers/STM32F1xx_HAL_Driver/Src/stm32f1xx_hal_tim_ex.o
 .debug_aranges
                0x00000f00      0x208 ./Drivers/STM32F1xx_HAL_Driver/Src/stm32f1xx_hal_uart.o

.debug_rnglists
                0x00000000      0xd31
 .debug_rnglists
                0x00000000       0x4b ./Core/Src/main.o
 .debug_rnglists
                0x0000004b       0x4a ./Core/Src/mainProc.o
 .debug_rnglists
                0x00000095       0x99 ./Core/Src/nRF24L01.o
 .debug_rnglists
                0x0000012e       0x67 ./Core/Src/ringbuffer.o
 .debug_rnglists
                0x00000195       0x39 ./Core/Src/stm32f1xx_hal_msp.o
 .debug_rnglists
                0x000001ce       0x20 ./Core/Src/stm32f1xx_hal_timebase_tim.o
 .debug_rnglists
                0x000001ee       0x61 ./Core/Src/stm32f1xx_it.o
 .debug_rnglists
                0x0000024f       0x79 ./Core/Src/syscalls.o
 .debug_rnglists
                0x000002c8       0x13 ./Core/Src/sysmem.o
 .debug_rnglists
                0x000002db       0x1a ./Core/Src/system_stm32f1xx.o
 .debug_rnglists
                0x000002f5       0x4d ./Core/Src/usart.o
 .debug_rnglists
                0x00000342       0x19 ./Core/Startup/startup_stm32f103rctx.o
 .debug_rnglists
                0x0000035b       0xa3 ./Drivers/STM32F1xx_HAL_Driver/Src/stm32f1xx_hal.o
 .debug_rnglists
                0x000003fe       0xbb ./Drivers/STM32F1xx_HAL_Driver/Src/stm32f1xx_hal_cortex.o
 .debug_rnglists
                0x000004b9       0x64 ./Drivers/STM32F1xx_HAL_Driver/Src/stm32f1xx_hal_dma.o
 .debug_rnglists
                0x0000051d       0x3f ./Drivers/STM32F1xx_HAL_Driver/Src/stm32f1xx_hal_gpio.o
 .debug_rnglists
                0x0000055c       0x6c ./Drivers/STM32F1xx_HAL_Driver/Src/stm32f1xx_hal_rcc.o
 .debug_rnglists
                0x000005c8      0x16e ./Drivers/STM32F1xx_HAL_Driver/Src/stm32f1xx_hal_spi.o
 .debug_rnglists
                0x00000736      0x31a ./Drivers/STM32F1xx_HAL_Driver/Src/stm32f1xx_hal_tim.o
 .debug_rnglists
                0x00000a50      0x125 ./Drivers/STM32F1xx_HAL_Driver/Src/stm32f1xx_hal_tim_ex.o
 .debug_rnglists
                0x00000b75      0x1bc ./Drivers/STM32F1xx_HAL_Driver/Src/stm32f1xx_hal_uart.o

.debug_macro    0x00000000     0x6296
 .debug_macro   0x00000000      0x1c4 ./Core/Src/main.o
 .debug_macro   0x000001c4      0xacc ./Core/Src/main.o
 .debug_macro   0x00000c90      0xd23 ./Core/Src/main.o
 .debug_macro   0x000019b3      0x190 ./Core/Src/main.o
 .debug_macro   0x00001b43       0x52 ./Core/Src/main.o
 .debug_macro   0x00001b95      0x1d2 ./Core/Src/mainProc.o
 .debug_macro   0x00001d67      0x2e7 ./Core/Src/nRF24L01.o
 .debug_macro   0x0000204e       0x61 ./Core/Src/nRF24L01.o
 .debug_macro   0x000020af       0x24 ./Core/Src/nRF24L01.o
 .debug_macro   0x000020d3       0x43 ./Core/Src/nRF24L01.o
 .debug_macro   0x00002116       0x34 ./Core/Src/nRF24L01.o
 .debug_macro   0x0000214a       0x16 ./Core/Src/nRF24L01.o
 .debug_macro   0x00002160       0x3c ./Core/Src/nRF24L01.o
 .debug_macro   0x0000219c      0x38c ./Core/Src/nRF24L01.o
 .debug_macro   0x00002528       0x10 ./Core/Src/nRF24L01.o
 .debug_macro   0x00002538       0x16 ./Core/Src/nRF24L01.o
 .debug_macro   0x0000254e       0x4a ./Core/Src/nRF24L01.o
 .debug_macro   0x00002598       0x34 ./Core/Src/nRF24L01.o
 .debug_macro   0x000025cc       0x10 ./Core/Src/nRF24L01.o
 .debug_macro   0x000025dc       0x58 ./Core/Src/nRF24L01.o
 .debug_macro   0x00002634       0x8e ./Core/Src/nRF24L01.o
 .debug_macro   0x000026c2       0x16 ./Core/Src/nRF24L01.o
 .debug_macro   0x000026d8      0x185 ./Core/Src/nRF24L01.o
 .debug_macro   0x0000285d       0x16 ./Core/Src/nRF24L01.o
 .debug_macro   0x00002873       0x16 ./Core/Src/nRF24L01.o
 .debug_macro   0x00002889      0x138 ./Core/Src/nRF24L01.o
 .debug_macro   0x000029c1       0x4c ./Core/Src/nRF24L01.o
 .debug_macro   0x00002a0d       0x16 ./Core/Src/nRF24L01.o
 .debug_macro   0x00002a23       0x20 ./Core/Src/nRF24L01.o
 .debug_macro   0x00002a43      0x205 ./Core/Src/ringbuffer.o
 .debug_macro   0x00002c48      0x1f2 ./Core/Src/ringbuffer.o
 .debug_macro   0x00002e3a       0x10 ./Core/Src/ringbuffer.o
 .debug_macro   0x00002e4a       0xc8 ./Core/Src/ringbuffer.o
 .debug_macro   0x00002f12      0x103 ./Core/Src/ringbuffer.o
 .debug_macro   0x00003015      0x368 ./Core/Src/ringbuffer.o
 .debug_macro   0x0000337d       0x12 ./Core/Src/ringbuffer.o
 .debug_macro   0x0000338f      0x1bc ./Core/Src/stm32f1xx_hal_msp.o
 .debug_macro   0x0000354b      0x1ad ./Core/Src/stm32f1xx_hal_timebase_tim.o
 .debug_macro   0x000036f8      0x1ce ./Core/Src/stm32f1xx_it.o
 .debug_macro   0x000038c6      0x274 ./Core/Src/syscalls.o
 .debug_macro   0x00003b3a       0x5b ./Core/Src/syscalls.o
 .debug_macro   0x00003b95       0x94 ./Core/Src/syscalls.o
 .debug_macro   0x00003c29       0x34 ./Core/Src/syscalls.o
 .debug_macro   0x00003c5d       0x57 ./Core/Src/syscalls.o
 .debug_macro   0x00003cb4      0x370 ./Core/Src/syscalls.o
 .debug_macro   0x00004024       0x4a ./Core/Src/syscalls.o
 .debug_macro   0x0000406e       0x1c ./Core/Src/syscalls.o
 .debug_macro   0x0000408a       0x10 ./Core/Src/syscalls.o
 .debug_macro   0x0000409a       0x3c ./Core/Src/syscalls.o
 .debug_macro   0x000040d6       0x10 ./Core/Src/syscalls.o
 .debug_macro   0x000040e6       0x10 ./Core/Src/syscalls.o
 .debug_macro   0x000040f6       0x10 ./Core/Src/syscalls.o
 .debug_macro   0x00004106       0x1c ./Core/Src/syscalls.o
 .debug_macro   0x00004122       0x52 ./Core/Src/syscalls.o
 .debug_macro   0x00004174       0x22 ./Core/Src/syscalls.o
 .debug_macro   0x00004196       0x10 ./Core/Src/syscalls.o
 .debug_macro   0x000041a6       0x52 ./Core/Src/syscalls.o
 .debug_macro   0x000041f8       0xcf ./Core/Src/syscalls.o
 .debug_macro   0x000042c7       0x1c ./Core/Src/syscalls.o
 .debug_macro   0x000042e3       0x3d ./Core/Src/syscalls.o
 .debug_macro   0x00004320       0x35 ./Core/Src/syscalls.o
 .debug_macro   0x00004355      0x12c ./Core/Src/syscalls.o
 .debug_macro   0x00004481       0x16 ./Core/Src/syscalls.o
 .debug_macro   0x00004497       0x16 ./Core/Src/syscalls.o
 .debug_macro   0x000044ad       0x29 ./Core/Src/syscalls.o
 .debug_macro   0x000044d6       0x10 ./Core/Src/syscalls.o
 .debug_macro   0x000044e6      0x242 ./Core/Src/syscalls.o
 .debug_macro   0x00004728       0x1c ./Core/Src/syscalls.o
 .debug_macro   0x00004744       0x10 ./Core/Src/syscalls.o
 .debug_macro   0x00004754      0x146 ./Core/Src/syscalls.o
 .debug_macro   0x0000489a      0x18a ./Core/Src/syscalls.o
 .debug_macro   0x00004a24       0x16 ./Core/Src/syscalls.o
 .debug_macro   0x00004a3a       0xce ./Core/Src/syscalls.o
 .debug_macro   0x00004b08      0x112 ./Core/Src/sysmem.o
 .debug_macro   0x00004c1a      0x23c ./Core/Src/sysmem.o
 .debug_macro   0x00004e56      0x1ad ./Core/Src/system_stm32f1xx.o
 .debug_macro   0x00005003      0x2d3 ./Core/Src/usart.o
 .debug_macro   0x000052d6      0x1d1 ./Drivers/STM32F1xx_HAL_Driver/Src/stm32f1xx_hal.o
 .debug_macro   0x000054a7      0x1ad ./Drivers/STM32F1xx_HAL_Driver/Src/stm32f1xx_hal_cortex.o
 .debug_macro   0x00005654      0x1ad ./Drivers/STM32F1xx_HAL_Driver/Src/stm32f1xx_hal_dma.o
 .debug_macro   0x00005801      0x218 ./Drivers/STM32F1xx_HAL_Driver/Src/stm32f1xx_hal_gpio.o
 .debug_macro   0x00005a19      0x1bf ./Drivers/STM32F1xx_HAL_Driver/Src/stm32f1xx_hal_rcc.o
 .debug_macro   0x00005bd8      0x1b5 ./Drivers/STM32F1xx_HAL_Driver/Src/stm32f1xx_hal_spi.o
 .debug_macro   0x00005d8d      0x1ae ./Drivers/STM32F1xx_HAL_Driver/Src/stm32f1xx_hal_tim.o
 .debug_macro   0x00005f3b      0x1ad ./Drivers/STM32F1xx_HAL_Driver/Src/stm32f1xx_hal_tim_ex.o
 .debug_macro   0x000060e8      0x1ae ./Drivers/STM32F1xx_HAL_Driver/Src/stm32f1xx_hal_uart.o

.debug_line     0x00000000    0x12da5
 .debug_line    0x00000000      0x87d ./Core/Src/main.o
 .debug_line    0x0000087d      0x7e4 ./Core/Src/mainProc.o
 .debug_line    0x00001061      0xf9d ./Core/Src/nRF24L01.o
 .debug_line    0x00001ffe      0xcf0 ./Core/Src/ringbuffer.o
 .debug_line    0x00002cee      0x772 ./Core/Src/stm32f1xx_hal_msp.o
 .debug_line    0x00003460      0x6d7 ./Core/Src/stm32f1xx_hal_timebase_tim.o
 .debug_line    0x00003b37      0x797 ./Core/Src/stm32f1xx_it.o
 .debug_line    0x000042ce      0x7e1 ./Core/Src/syscalls.o
 .debug_line    0x00004aaf      0x4bd ./Core/Src/sysmem.o
 .debug_line    0x00004f6c      0x6d7 ./Core/Src/system_stm32f1xx.o
 .debug_line    0x00005643      0xb9a ./Core/Src/usart.o
 .debug_line    0x000061dd       0x79 ./Core/Startup/startup_stm32f103rctx.o
 .debug_line    0x00006256      0x908 ./Drivers/STM32F1xx_HAL_Driver/Src/stm32f1xx_hal.o
 .debug_line    0x00006b5e      0xad2 ./Drivers/STM32F1xx_HAL_Driver/Src/stm32f1xx_hal_cortex.o
 .debug_line    0x00007630     0x120c ./Drivers/STM32F1xx_HAL_Driver/Src/stm32f1xx_hal_dma.o
 .debug_line    0x0000883c      0x98d ./Drivers/STM32F1xx_HAL_Driver/Src/stm32f1xx_hal_gpio.o
 .debug_line    0x000091c9      0xdc1 ./Drivers/STM32F1xx_HAL_Driver/Src/stm32f1xx_hal_rcc.o
 .debug_line    0x00009f8a     0x1b9f ./Drivers/STM32F1xx_HAL_Driver/Src/stm32f1xx_hal_spi.o
 .debug_line    0x0000bb29     0x3626 ./Drivers/STM32F1xx_HAL_Driver/Src/stm32f1xx_hal_tim.o
 .debug_line    0x0000f14f     0x1832 ./Drivers/STM32F1xx_HAL_Driver/Src/stm32f1xx_hal_tim_ex.o
 .debug_line    0x00010981     0x2424 ./Drivers/STM32F1xx_HAL_Driver/Src/stm32f1xx_hal_uart.o

.debug_str      0x00000000    0x9ff9e
 .debug_str     0x00000000    0x9ff9e ./Core/Src/main.o
                              0x93fd8 (size before relaxing)
 .debug_str     0x0009ff9e    0x94a24 ./Core/Src/mainProc.o
 .debug_str     0x0009ff9e    0x9813f ./Core/Src/nRF24L01.o
 .debug_str     0x0009ff9e    0x95e6d ./Core/Src/ringbuffer.o
 .debug_str     0x0009ff9e    0x93d5d ./Core/Src/stm32f1xx_hal_msp.o
 .debug_str     0x0009ff9e    0x938c6 ./Core/Src/stm32f1xx_hal_timebase_tim.o
 .debug_str     0x0009ff9e    0x93981 ./Core/Src/stm32f1xx_it.o
 .debug_str     0x0009ff9e     0x9985 ./Core/Src/syscalls.o
 .debug_str     0x0009ff9e     0x7723 ./Core/Src/sysmem.o
 .debug_str     0x0009ff9e    0x92f1a ./Core/Src/system_stm32f1xx.o
 .debug_str     0x0009ff9e    0x97903 ./Core/Src/usart.o
 .debug_str     0x0009ff9e       0x7d ./Core/Startup/startup_stm32f103rctx.o
 .debug_str     0x0009ff9e    0x93731 ./Drivers/STM32F1xx_HAL_Driver/Src/stm32f1xx_hal.o
 .debug_str     0x0009ff9e    0x9367d ./Drivers/STM32F1xx_HAL_Driver/Src/stm32f1xx_hal_cortex.o
 .debug_str     0x0009ff9e    0x932c3 ./Drivers/STM32F1xx_HAL_Driver/Src/stm32f1xx_hal_dma.o
 .debug_str     0x0009ff9e    0x932a0 ./Drivers/STM32F1xx_HAL_Driver/Src/stm32f1xx_hal_gpio.o
 .debug_str     0x0009ff9e    0x93349 ./Drivers/STM32F1xx_HAL_Driver/Src/stm32f1xx_hal_rcc.o
 .debug_str     0x0009ff9e    0x93846 ./Drivers/STM32F1xx_HAL_Driver/Src/stm32f1xx_hal_spi.o
 .debug_str     0x0009ff9e    0x9434b ./Drivers/STM32F1xx_HAL_Driver/Src/stm32f1xx_hal_tim.o
 .debug_str     0x0009ff9e    0x93b57 ./Drivers/STM32F1xx_HAL_Driver/Src/stm32f1xx_hal_tim_ex.o
 .debug_str     0x0009ff9e    0x939ba ./Drivers/STM32F1xx_HAL_Driver/Src/stm32f1xx_hal_uart.o

.comment        0x00000000       0x43
 .comment       0x00000000       0x43 ./Core/Src/main.o
                                 0x44 (size before relaxing)
 .comment       0x00000043       0x44 ./Core/Src/mainProc.o
 .comment       0x00000043       0x44 ./Core/Src/nRF24L01.o
 .comment       0x00000043       0x44 ./Core/Src/ringbuffer.o
 .comment       0x00000043       0x44 ./Core/Src/stm32f1xx_hal_msp.o
 .comment       0x00000043       0x44 ./Core/Src/stm32f1xx_hal_timebase_tim.o
 .comment       0x00000043       0x44 ./Core/Src/stm32f1xx_it.o
 .comment       0x00000043       0x44 ./Core/Src/syscalls.o
 .comment       0x00000043       0x44 ./Core/Src/sysmem.o
 .comment       0x00000043       0x44 ./Core/Src/system_stm32f1xx.o
 .comment       0x00000043       0x44 ./Core/Src/usart.o
 .comment       0x00000043       0x44 ./Drivers/STM32F1xx_HAL_Driver/Src/stm32f1xx_hal.o
 .comment       0x00000043       0x44 ./Drivers/STM32F1xx_HAL_Driver/Src/stm32f1xx_hal_cortex.o
 .comment       0x00000043       0x44 ./Drivers/STM32F1xx_HAL_Driver/Src/stm32f1xx_hal_dma.o
 .comment       0x00000043       0x44 ./Drivers/STM32F1xx_HAL_Driver/Src/stm32f1xx_hal_gpio.o
 .comment       0x00000043       0x44 ./Drivers/STM32F1xx_HAL_Driver/Src/stm32f1xx_hal_rcc.o
 .comment       0x00000043       0x44 ./Drivers/STM32F1xx_HAL_Driver/Src/stm32f1xx_hal_spi.o
 .comment       0x00000043       0x44 ./Drivers/STM32F1xx_HAL_Driver/Src/stm32f1xx_hal_tim.o
 .comment       0x00000043       0x44 ./Drivers/STM32F1xx_HAL_Driver/Src/stm32f1xx_hal_tim_ex.o
 .comment       0x00000043       0x44 ./Drivers/STM32F1xx_HAL_Driver/Src/stm32f1xx_hal_uart.o

.debug_frame    0x00000000     0x4e0c
 .debug_frame   0x00000000      0x144 ./Core/Src/main.o
 .debug_frame   0x00000144      0x154 ./Core/Src/mainProc.o
 .debug_frame   0x00000298      0x34c ./Core/Src/nRF24L01.o
 .debug_frame   0x000005e4      0x248 ./Core/Src/ringbuffer.o
 .debug_frame   0x0000082c      0x114 ./Core/Src/stm32f1xx_hal_msp.o
 .debug_frame   0x00000940       0x74 ./Core/Src/stm32f1xx_hal_timebase_tim.o
 .debug_frame   0x000009b4      0x194 ./Core/Src/stm32f1xx_it.o
 .debug_frame   0x00000b48      0x2ac ./Core/Src/syscalls.o
 .debug_frame   0x00000df4       0x34 ./Core/Src/sysmem.o
 .debug_frame   0x00000e28       0x58 ./Core/Src/system_stm32f1xx.o
 .debug_frame   0x00000e80      0x1b0 ./Core/Src/usart.o
 .debug_frame   0x00001030      0x334 ./Drivers/STM32F1xx_HAL_Driver/Src/stm32f1xx_hal.o
 .debug_frame   0x00001364      0x428 ./Drivers/STM32F1xx_HAL_Driver/Src/stm32f1xx_hal_cortex.o
 .debug_frame   0x0000178c      0x20c ./Drivers/STM32F1xx_HAL_Driver/Src/stm32f1xx_hal_dma.o
 .debug_frame   0x00001998      0x14c ./Drivers/STM32F1xx_HAL_Driver/Src/stm32f1xx_hal_gpio.o
 .debug_frame   0x00001ae4      0x218 ./Drivers/STM32F1xx_HAL_Driver/Src/stm32f1xx_hal_rcc.o
 .debug_frame   0x00001cfc      0x824 ./Drivers/STM32F1xx_HAL_Driver/Src/stm32f1xx_hal_spi.o
 .debug_frame   0x00002520     0x11b8 ./Drivers/STM32F1xx_HAL_Driver/Src/stm32f1xx_hal_tim.o
 .debug_frame   0x000036d8      0x638 ./Drivers/STM32F1xx_HAL_Driver/Src/stm32f1xx_hal_tim_ex.o
 .debug_frame   0x00003d10      0x944 ./Drivers/STM32F1xx_HAL_Driver/Src/stm32f1xx_hal_uart.o
 .debug_frame   0x00004654       0x20 /opt/st/stm32cubeide_1.18.1/plugins/com.st.stm32cube.ide.mcu.externaltools.gnu-tools-for-stm32.13.3.rel1.linux64_1.0.0.202410170706/tools/bin/../lib/gcc/arm-none-eabi/13.3.1/../../../../arm-none-eabi/lib/thumb/v7-m/nofp/libstdc++_nano.a(del_opv.o)